Archive member included to satisfy reference by file (symbol)

/home/jirik/nrf52/gcc-arm-none-eabi-9-2020-q2-update/bin/../lib/gcc/arm-none-eabi/9.3.1/../../../../arm-none-eabi/lib/thumb/v7e-m+fp/hard/libc_nano.a(lib_a-ctype_.o)
                              _build/nrf52832_xxaa/nrf_log_str_formatter.c.o (_ctype_)
/home/jirik/nrf52/gcc-arm-none-eabi-9-2020-q2-update/bin/../lib/gcc/arm-none-eabi/9.3.1/../../../../arm-none-eabi/lib/thumb/v7e-m+fp/hard/libc_nano.a(lib_a-exit.o)
                              /home/jirik/nrf52/gcc-arm-none-eabi-9-2020-q2-update/bin/../lib/gcc/arm-none-eabi/9.3.1/../../../../arm-none-eabi/lib/thumb/v7e-m+fp/hard/crt0.o (exit)
/home/jirik/nrf52/gcc-arm-none-eabi-9-2020-q2-update/bin/../lib/gcc/arm-none-eabi/9.3.1/../../../../arm-none-eabi/lib/thumb/v7e-m+fp/hard/libc_nano.a(lib_a-impure.o)
                              /home/jirik/nrf52/gcc-arm-none-eabi-9-2020-q2-update/bin/../lib/gcc/arm-none-eabi/9.3.1/../../../../arm-none-eabi/lib/thumb/v7e-m+fp/hard/libc_nano.a(lib_a-exit.o) (_global_impure_ptr)
/home/jirik/nrf52/gcc-arm-none-eabi-9-2020-q2-update/bin/../lib/gcc/arm-none-eabi/9.3.1/../../../../arm-none-eabi/lib/thumb/v7e-m+fp/hard/libc_nano.a(lib_a-init.o)
                              /home/jirik/nrf52/gcc-arm-none-eabi-9-2020-q2-update/bin/../lib/gcc/arm-none-eabi/9.3.1/../../../../arm-none-eabi/lib/thumb/v7e-m+fp/hard/crt0.o (__libc_init_array)
/home/jirik/nrf52/gcc-arm-none-eabi-9-2020-q2-update/bin/../lib/gcc/arm-none-eabi/9.3.1/../../../../arm-none-eabi/lib/thumb/v7e-m+fp/hard/libc_nano.a(lib_a-memcmp.o)
                              _build/nrf52832_xxaa/ble_advdata.c.o (memcmp)
/home/jirik/nrf52/gcc-arm-none-eabi-9-2020-q2-update/bin/../lib/gcc/arm-none-eabi/9.3.1/../../../../arm-none-eabi/lib/thumb/v7e-m+fp/hard/libc_nano.a(lib_a-memcpy-stub.o)
                              _build/nrf52832_xxaa/nrf_log_frontend.c.o (memcpy)
/home/jirik/nrf52/gcc-arm-none-eabi-9-2020-q2-update/bin/../lib/gcc/arm-none-eabi/9.3.1/../../../../arm-none-eabi/lib/thumb/v7e-m+fp/hard/libc_nano.a(lib_a-memset.o)
                              /home/jirik/nrf52/gcc-arm-none-eabi-9-2020-q2-update/bin/../lib/gcc/arm-none-eabi/9.3.1/../../../../arm-none-eabi/lib/thumb/v7e-m+fp/hard/crt0.o (memset)
/home/jirik/nrf52/gcc-arm-none-eabi-9-2020-q2-update/bin/../lib/gcc/arm-none-eabi/9.3.1/../../../../arm-none-eabi/lib/thumb/v7e-m+fp/hard/libc_nano.a(lib_a-strcpy.o)
                              _build/nrf52832_xxaa/SEGGER_RTT.c.o (strcpy)
/home/jirik/nrf52/gcc-arm-none-eabi-9-2020-q2-update/bin/../lib/gcc/arm-none-eabi/9.3.1/../../../../arm-none-eabi/lib/thumb/v7e-m+fp/hard/libc_nano.a(lib_a-strlen.o)
                              _build/nrf52832_xxaa/nrf_log_frontend.c.o (strlen)
/home/jirik/nrf52/gcc-arm-none-eabi-9-2020-q2-update/bin/../lib/gcc/arm-none-eabi/9.3.1/../../../../arm-none-eabi/lib/thumb/v7e-m+fp/hard/libnosys.a(_exit.o)
                              /home/jirik/nrf52/gcc-arm-none-eabi-9-2020-q2-update/bin/../lib/gcc/arm-none-eabi/9.3.1/../../../../arm-none-eabi/lib/thumb/v7e-m+fp/hard/libc_nano.a(lib_a-exit.o) (_exit)
/home/jirik/nrf52/gcc-arm-none-eabi-9-2020-q2-update/bin/../lib/gcc/arm-none-eabi/9.3.1/thumb/v7e-m+fp/hard/libgcc.a(_aeabi_ldivmod.o)
                              _build/nrf52832_xxaa/bme280_twi.c.o (__aeabi_ldivmod)
/home/jirik/nrf52/gcc-arm-none-eabi-9-2020-q2-update/bin/../lib/gcc/arm-none-eabi/9.3.1/thumb/v7e-m+fp/hard/libgcc.a(_aeabi_uldivmod.o)
                              _build/nrf52832_xxaa/bsp.c.o (__aeabi_uldivmod)
/home/jirik/nrf52/gcc-arm-none-eabi-9-2020-q2-update/bin/../lib/gcc/arm-none-eabi/9.3.1/thumb/v7e-m+fp/hard/libgcc.a(_udivmoddi4.o)
                              /home/jirik/nrf52/gcc-arm-none-eabi-9-2020-q2-update/bin/../lib/gcc/arm-none-eabi/9.3.1/thumb/v7e-m+fp/hard/libgcc.a(_aeabi_ldivmod.o) (__udivmoddi4)
/home/jirik/nrf52/gcc-arm-none-eabi-9-2020-q2-update/bin/../lib/gcc/arm-none-eabi/9.3.1/thumb/v7e-m+fp/hard/libgcc.a(_dvmd_tls.o)
                              /home/jirik/nrf52/gcc-arm-none-eabi-9-2020-q2-update/bin/../lib/gcc/arm-none-eabi/9.3.1/thumb/v7e-m+fp/hard/libgcc.a(_aeabi_ldivmod.o) (__aeabi_ldiv0)

Allocating common symbols
Common symbol       size              file

nrf_nvic_state      0xc               _build/nrf52832_xxaa/app_util_platform.c.o
nrf_drv_uart_use_easy_dma
                    0x1               _build/nrf52832_xxaa/nrf_drv_uart.c.o
_SEGGER_RTT         0x78              _build/nrf52832_xxaa/SEGGER_RTT.c.o

Discarded input sections

 .text          0x0000000000000000        0x0 /home/jirik/nrf52/gcc-arm-none-eabi-9-2020-q2-update/bin/../lib/gcc/arm-none-eabi/9.3.1/thumb/v7e-m+fp/hard/crti.o
 .data          0x0000000000000000        0x0 /home/jirik/nrf52/gcc-arm-none-eabi-9-2020-q2-update/bin/../lib/gcc/arm-none-eabi/9.3.1/thumb/v7e-m+fp/hard/crti.o
 .bss           0x0000000000000000        0x0 /home/jirik/nrf52/gcc-arm-none-eabi-9-2020-q2-update/bin/../lib/gcc/arm-none-eabi/9.3.1/thumb/v7e-m+fp/hard/crti.o
[...]
Memory Configuration

Name             Origin             Length             Attributes
FLASH            0x0000000000026000 0x000000000005a000 xr
RAM              0x00000000200018c8 0x000000000000e738 xrw
*default*        0x0000000000000000 0xffffffffffffffff

Linker script and memory map


.text           0x0000000000026000     0x7550
 *(.isr_vector)
 .isr_vector    0x0000000000026000      0x200 _build/nrf52832_xxaa/gcc_startup_nrf52.S.o
                0x0000000000026000                __isr_vector
 *(.text*)
 .text          0x0000000000026200       0x40 /home/jirik/nrf52/gcc-arm-none-eabi-9-2020-q2-update/bin/../lib/gcc/arm-none-eabi/9.3.1/thumb/v7e-m+fp/hard/crtbegin.o
 .text          0x0000000000026240       0x7c /home/jirik/nrf52/gcc-arm-none-eabi-9-2020-q2-update/bin/../lib/gcc/arm-none-eabi/9.3.1/../../../../arm-none-eabi/lib/thumb/v7e-m+fp/hard/crt0.o
                0x0000000000026240                _stack_init
                0x0000000000026248                _mainCRTStartup
                0x0000000000026248                _start
 .text.bme280_twi_evt_handler
                0x00000000000262bc       0x8c _build/nrf52832_xxaa/bme280_twi.c.o
                0x00000000000262bc                bme280_twi_evt_handler
 .text.bme280_twi_init
                0x0000000000026348      0x248 _build/nrf52832_xxaa/bme280_twi.c.o
                0x0000000000026348                bme280_twi_init
 .text.bme280_twi_enable
                0x0000000000026590       0x50 _build/nrf52832_xxaa/bme280_twi.c.o
                0x0000000000026590                bme280_twi_enable
 .text.bme280_twi_measurement_fetch
                0x00000000000265e0       0xb8 _build/nrf52832_xxaa/bme280_twi.c.o
                0x00000000000265e0                bme280_twi_measurement_fetch
 .text.bme280_twi_measurement_get
                0x0000000000026698      0x258 _build/nrf52832_xxaa/bme280_twi.c.o
                0x0000000000026698                bme280_twi_measurement_get
 .text          0x00000000000268f0       0x3c _build/nrf52832_xxaa/gcc_startup_nrf52.S.o
                0x00000000000268f0                Reset_Handler
                0x0000000000026918                NMI_Handler
                0x000000000002691a                HardFault_Handler
                0x000000000002691c                MemoryManagement_Handler
                0x000000000002691e                BusFault_Handler
                0x0000000000026920                UsageFault_Handler
                0x0000000000026922                SVC_Handler
                0x0000000000026924                DebugMon_Handler
                0x0000000000026926                PendSV_Handler
                0x0000000000026928                SysTick_Handler
                0x000000000002692a                TIMER2_IRQHandler
                0x000000000002692a                RTC0_IRQHandler
                0x000000000002692a                SWI0_EGU0_IRQHandler
                0x000000000002692a                PWM1_IRQHandler
                0x000000000002692a                RADIO_IRQHandler
                0x000000000002692a                PDM_IRQHandler
                0x000000000002692a                TEMP_IRQHandler
                0x000000000002692a                QDEC_IRQHandler
                0x000000000002692a                TIMER3_IRQHandler
                0x000000000002692a                FPU_IRQHandler
                0x000000000002692a                TIMER4_IRQHandler
                0x000000000002692a                I2S_IRQHandler
                0x000000000002692a                SWI4_EGU4_IRQHandler
                0x000000000002692a                TIMER0_IRQHandler
                0x000000000002692a                TIMER1_IRQHandler
                0x000000000002692a                PWM2_IRQHandler
                0x000000000002692a                ECB_IRQHandler
                0x000000000002692a                SPIM1_SPIS1_TWIM1_TWIS1_SPI1_TWI1_IRQHandler
                0x000000000002692a                Default_Handler
                0x000000000002692a                SAADC_IRQHandler
                0x000000000002692a                CCM_AAR_IRQHandler
                0x000000000002692a                WDT_IRQHandler
                0x000000000002692a                SWI5_EGU5_IRQHandler
                0x000000000002692a                RNG_IRQHandler
                0x000000000002692a                RTC2_IRQHandler
                0x000000000002692a                PWM0_IRQHandler
                0x000000000002692a                SWI3_EGU3_IRQHandler
                0x000000000002692a                SWI1_EGU1_IRQHandler
                0x000000000002692a                SPIM2_SPIS2_SPI2_IRQHandler
                0x000000000002692a                NFCT_IRQHandler
                0x000000000002692a                MWU_IRQHandler
                0x000000000002692a                COMP_LPCOMP_IRQHandler
 .text.nrf_log_backend_serial_put
                0x000000000002692c       0xd8 _build/nrf52832_xxaa/nrf_log_backend_serial.c.o
                0x000000000002692c                nrf_log_backend_serial_put
 .text.uart_evt_handler
                0x0000000000026a04        0xc _build/nrf52832_xxaa/nrf_log_backend_uart.c.o
 .text.nrf_log_backend_uart_flush
                0x0000000000026a10        0x4 _build/nrf52832_xxaa/nrf_log_backend_uart.c.o
 .text.nrf_log_backend_uart_put
                0x0000000000026a14       0x20 _build/nrf52832_xxaa/nrf_log_backend_uart.c.o
 .text.serial_tx
                0x0000000000026a34       0x4c _build/nrf52832_xxaa/nrf_log_backend_uart.c.o
 .text.nrf_log_backend_uart_panic_set
                0x0000000000026a80       0x7c _build/nrf52832_xxaa/nrf_log_backend_uart.c.o
 .text.nrf_log_backend_uart_init
                0x0000000000026afc       0x68 _build/nrf52832_xxaa/nrf_log_backend_uart.c.o
                0x0000000000026afc                nrf_log_backend_uart_init
 .text.nrf_log_default_backends_init
                0x0000000000026b64       0x20 _build/nrf52832_xxaa/nrf_log_default_backends.c.o
                0x0000000000026b64                nrf_log_default_backends_init
 .text.nrf_log_init
                0x0000000000026b84       0x28 _build/nrf52832_xxaa/nrf_log_frontend.c.o
                0x0000000000026b84                nrf_log_init
 .text.nrf_log_module_name_get
                0x0000000000026bac       0x48 _build/nrf52832_xxaa/nrf_log_frontend.c.o
                0x0000000000026bac                nrf_log_module_name_get
 .text.nrf_log_color_id_get
                0x0000000000026bf4       0x2c _build/nrf52832_xxaa/nrf_log_frontend.c.o
                0x0000000000026bf4                nrf_log_color_id_get
 .text.log_pending_hook
                0x0000000000026c20        0x4 _build/nrf52832_xxaa/nrf_log_frontend.c.o
                0x0000000000026c20                log_pending_hook
 .text.nrf_log_frontend_dequeue
                0x0000000000026c24      0x250 _build/nrf52832_xxaa/nrf_log_frontend.c.o
                0x0000000000026c24                nrf_log_frontend_dequeue
 .text.nrf_log_frontend_std_0
                0x0000000000026e74      0x18c _build/nrf52832_xxaa/nrf_log_frontend.c.o
                0x0000000000026e74                nrf_log_frontend_std_0
 .text.nrf_log_frontend_std_1
                0x0000000000027000      0x1a0 _build/nrf52832_xxaa/nrf_log_frontend.c.o
                0x0000000000027000                nrf_log_frontend_std_1
 .text.nrf_log_frontend_std_2
                0x00000000000271a0      0x1b4 _build/nrf52832_xxaa/nrf_log_frontend.c.o
                0x00000000000271a0                nrf_log_frontend_std_2
 .text.nrf_log_backend_add
                0x0000000000027354       0x5c _build/nrf52832_xxaa/nrf_log_frontend.c.o
                0x0000000000027354                nrf_log_backend_add
 .text.nrf_log_panic
                0x00000000000273b0       0x28 _build/nrf52832_xxaa/nrf_log_frontend.c.o
                0x00000000000273b0                nrf_log_panic
 .text.prefix_process
                0x00000000000273d8       0x80 _build/nrf52832_xxaa/nrf_log_str_formatter.c.o
 .text.nrf_log_std_entry_process
                0x0000000000027458       0xf0 _build/nrf52832_xxaa/nrf_log_str_formatter.c.o
                0x0000000000027458                nrf_log_std_entry_process
 .text.nrf_log_hexdump_entry_process
                0x0000000000027548       0xfc _build/nrf52832_xxaa/nrf_log_str_formatter.c.o
                0x0000000000027548                nrf_log_hexdump_entry_process
 .text.gpiote_event_handler
                0x0000000000027644       0x74 _build/nrf52832_xxaa/app_button.c.o
 .text.detection_delay_timeout_handler
                0x00000000000276b8      0x264 _build/nrf52832_xxaa/app_button.c.o
 .text.app_button_init
                0x000000000002791c       0xc0 _build/nrf52832_xxaa/app_button.c.o
                0x000000000002791c                app_button_init
 .text.app_button_enable
                0x00000000000279dc       0x2c _build/nrf52832_xxaa/app_button.c.o
                0x00000000000279dc                app_button_enable
 .text.app_error_handler_bare
                0x0000000000027a08       0x20 _build/nrf52832_xxaa/app_error.c.o
                0x0000000000027a08                app_error_handler_bare
 .text.app_error_fault_handler
                0x0000000000027a28       0x70 _build/nrf52832_xxaa/app_error_weak.c.o
                0x0000000000027a28                app_error_fault_handler
 .text.compare_func
                0x0000000000027a98       0x18 _build/nrf52832_xxaa/app_timer2.c.o
 .text.timer_expire.part.0
                0x0000000000027ab0       0x84 _build/nrf52832_xxaa/app_timer2.c.o
 .text.rtc_irq  0x0000000000027b34      0x2d8 _build/nrf52832_xxaa/app_timer2.c.o
 .text.app_timer_init
                0x0000000000027e0c       0x6c _build/nrf52832_xxaa/app_timer2.c.o
                0x0000000000027e0c                app_timer_init
 .text.app_timer_create
                0x0000000000027e78       0x2c _build/nrf52832_xxaa/app_timer2.c.o
                0x0000000000027e78                app_timer_create
 .text.app_timer_start
                0x0000000000027ea4       0xbc _build/nrf52832_xxaa/app_timer2.c.o
                0x0000000000027ea4                app_timer_start
 .text.app_timer_stop
                0x0000000000027f60       0x7c _build/nrf52832_xxaa/app_timer2.c.o
                0x0000000000027f60                app_timer_stop
 .text.app_util_critical_region_enter
                0x0000000000027fdc       0x4c _build/nrf52832_xxaa/app_util_platform.c.o
                0x0000000000027fdc                app_util_critical_region_enter
 .text.app_util_critical_region_exit
                0x0000000000028028       0x30 _build/nrf52832_xxaa/app_util_platform.c.o
                0x0000000000028028                app_util_critical_region_exit
 .text.drv_rtc_init
                0x0000000000028058       0xc0 _build/nrf52832_xxaa/drv_rtc.c.o
                0x0000000000028058                drv_rtc_init
 .text.drv_rtc_start
                0x0000000000028118        0x8 _build/nrf52832_xxaa/drv_rtc.c.o
                0x0000000000028118                drv_rtc_start
 .text.drv_rtc_stop
                0x0000000000028120        0x8 _build/nrf52832_xxaa/drv_rtc.c.o
                0x0000000000028120                drv_rtc_stop
 .text.drv_rtc_compare_set
                0x0000000000028128       0x4c _build/nrf52832_xxaa/drv_rtc.c.o
                0x0000000000028128                drv_rtc_compare_set
 .text.drv_rtc_windowed_compare_set
                0x0000000000028174       0xf8 _build/nrf52832_xxaa/drv_rtc.c.o
                0x0000000000028174                drv_rtc_windowed_compare_set
 .text.drv_rtc_overflow_enable
                0x000000000002826c       0x14 _build/nrf52832_xxaa/drv_rtc.c.o
                0x000000000002826c                drv_rtc_overflow_enable
 .text.drv_rtc_overflow_pending
                0x0000000000028280       0x20 _build/nrf52832_xxaa/drv_rtc.c.o
                0x0000000000028280                drv_rtc_overflow_pending
 .text.drv_rtc_compare_disable
                0x00000000000282a0       0x18 _build/nrf52832_xxaa/drv_rtc.c.o
                0x00000000000282a0                drv_rtc_compare_disable
 .text.drv_rtc_compare_pending
                0x00000000000282b8       0x20 _build/nrf52832_xxaa/drv_rtc.c.o
                0x00000000000282b8                drv_rtc_compare_pending
 .text.drv_rtc_counter_get
                0x00000000000282d8        0x8 _build/nrf52832_xxaa/drv_rtc.c.o
                0x00000000000282d8                drv_rtc_counter_get
 .text.drv_rtc_irq_trigger
                0x00000000000282e0       0x24 _build/nrf52832_xxaa/drv_rtc.c.o
                0x00000000000282e0                drv_rtc_irq_trigger
 .text.RTC1_IRQHandler
                0x0000000000028304       0x14 _build/nrf52832_xxaa/drv_rtc.c.o
                0x0000000000028304                RTC1_IRQHandler
 .text.nrf_atfifo_init
                0x0000000000028318       0x30 _build/nrf52832_xxaa/nrf_atfifo.c.o
                0x0000000000028318                nrf_atfifo_init
 .text.nrf_atfifo_item_alloc
                0x0000000000028348       0x5c _build/nrf52832_xxaa/nrf_atfifo.c.o
                0x0000000000028348                nrf_atfifo_item_alloc
 .text.nrf_atfifo_item_put
                0x00000000000283a4       0x20 _build/nrf52832_xxaa/nrf_atfifo.c.o
                0x00000000000283a4                nrf_atfifo_item_put
 .text.nrf_atfifo_item_get
                0x00000000000283c4       0x60 _build/nrf52832_xxaa/nrf_atfifo.c.o
                0x00000000000283c4                nrf_atfifo_item_get
 .text.nrf_atfifo_item_free
                0x0000000000028424       0x20 _build/nrf52832_xxaa/nrf_atfifo.c.o
                0x0000000000028424                nrf_atfifo_item_free
 .text.nrf_atomic_u32_fetch_store
                0x0000000000028444       0x1c _build/nrf52832_xxaa/nrf_atomic.c.o
                0x0000000000028444                nrf_atomic_u32_fetch_store
 .text.nrf_atomic_u32_add
                0x0000000000028460       0x1c _build/nrf52832_xxaa/nrf_atomic.c.o
                0x0000000000028460                nrf_atomic_u32_add
 .text.nrf_atomic_u32_sub
                0x000000000002847c       0x1c _build/nrf52832_xxaa/nrf_atomic.c.o
                0x000000000002847c                nrf_atomic_u32_sub
 .text.nrf_atomic_flag_set
                0x0000000000028498       0x20 _build/nrf52832_xxaa/nrf_atomic.c.o
                0x0000000000028498                nrf_atomic_flag_set
 .text.nrf_atomic_flag_clear_fetch
                0x00000000000284b8       0x20 _build/nrf52832_xxaa/nrf_atomic.c.o
                0x00000000000284b8                nrf_atomic_flag_clear_fetch
 .text.nrf_balloc_init
                0x00000000000284d8       0x38 _build/nrf52832_xxaa/nrf_balloc.c.o
                0x00000000000284d8                nrf_balloc_init
 .text.nrf_balloc_alloc
                0x0000000000028510       0x50 _build/nrf52832_xxaa/nrf_balloc.c.o
                0x0000000000028510                nrf_balloc_alloc
 .text.nrf_balloc_free
                0x0000000000028560       0x38 _build/nrf52832_xxaa/nrf_balloc.c.o
                0x0000000000028560                nrf_balloc_free
 .text.nrf_fprintf_buffer_flush
                0x0000000000028598       0x18 _build/nrf52832_xxaa/nrf_fprintf.c.o
                0x0000000000028598                nrf_fprintf_buffer_flush
 .text.nrf_fprintf
                0x00000000000285b0       0x20 _build/nrf52832_xxaa/nrf_fprintf.c.o
                0x00000000000285b0                nrf_fprintf
 .text.unsigned_print
                0x00000000000285d0      0x14c _build/nrf52832_xxaa/nrf_fprintf_format.c.o
 .text.nrf_fprintf_fmt
                0x000000000002871c      0x5cc _build/nrf52832_xxaa/nrf_fprintf_format.c.o
                0x000000000002871c                nrf_fprintf_fmt
 .text.nrf_memobj_pool_init
                0x0000000000028ce8        0x4 _build/nrf52832_xxaa/nrf_memobj.c.o
                0x0000000000028ce8                nrf_memobj_pool_init
 .text.nrf_memobj_alloc
                0x0000000000028cec       0x94 _build/nrf52832_xxaa/nrf_memobj.c.o
                0x0000000000028cec                nrf_memobj_alloc
 .text.nrf_memobj_get
                0x0000000000028d80        0x8 _build/nrf52832_xxaa/nrf_memobj.c.o
                0x0000000000028d80                nrf_memobj_get
 .text.nrf_memobj_put
                0x0000000000028d88       0x58 _build/nrf52832_xxaa/nrf_memobj.c.o
                0x0000000000028d88                nrf_memobj_put
 .text.nrf_memobj_write
                0x0000000000028de0       0x68 _build/nrf52832_xxaa/nrf_memobj.c.o
                0x0000000000028de0                nrf_memobj_write
 .text.nrf_memobj_read
                0x0000000000028e48       0x68 _build/nrf52832_xxaa/nrf_memobj.c.o
                0x0000000000028e48                nrf_memobj_read
 .text.sd_app_evt_wait
                0x0000000000028eb0        0x4 _build/nrf52832_xxaa/nrf_pwr_mgmt.c.o
 .text.nrf_pwr_mgmt_init
                0x0000000000028eb4       0x2c _build/nrf52832_xxaa/nrf_pwr_mgmt.c.o
                0x0000000000028eb4                nrf_pwr_mgmt_init
 .text.nrf_pwr_mgmt_run
                0x0000000000028ee0       0x54 _build/nrf52832_xxaa/nrf_pwr_mgmt.c.o
                0x0000000000028ee0                nrf_pwr_mgmt_run
 .text.nrf_ringbuf_init
                0x0000000000028f34       0x1c _build/nrf52832_xxaa/nrf_ringbuf.c.o
                0x0000000000028f34                nrf_ringbuf_init
 .text.nrf_section_iter_init
                0x0000000000028f50       0x14 _build/nrf52832_xxaa/nrf_section_iter.c.o
                0x0000000000028f50                nrf_section_iter_init
 .text.nrf_section_iter_next
                0x0000000000028f64       0x18 _build/nrf52832_xxaa/nrf_section_iter.c.o
                0x0000000000028f64                nrf_section_iter_next
 .text.nrf_sortlist_add
                0x0000000000028f7c       0x28 _build/nrf52832_xxaa/nrf_sortlist.c.o
                0x0000000000028f7c                nrf_sortlist_add
 .text.nrf_sortlist_pop
                0x0000000000028fa4        0xc _build/nrf52832_xxaa/nrf_sortlist.c.o
                0x0000000000028fa4                nrf_sortlist_pop
 .text.nrf_sortlist_peek
                0x0000000000028fb0        0x8 _build/nrf52832_xxaa/nrf_sortlist.c.o
                0x0000000000028fb0                nrf_sortlist_peek
 .text.nrf_sortlist_remove
                0x0000000000028fb8       0x1c _build/nrf52832_xxaa/nrf_sortlist.c.o
                0x0000000000028fb8                nrf_sortlist_remove
 .text.nrf_strerror_get
                0x0000000000028fd4       0x50 _build/nrf52832_xxaa/nrf_strerror.c.o
                0x0000000000028fd4                nrf_strerror_get
 .text.SystemInit
                0x0000000000029024      0x3b4 _build/nrf52832_xxaa/system_nrf52.c.o
                0x0000000000029024                SystemInit
 .text.bsp_board_led_state_get
                0x00000000000293d8       0x1c _build/nrf52832_xxaa/boards.c.o
                0x00000000000293d8                bsp_board_led_state_get
 .text.bsp_board_led_on
                0x00000000000293f4       0x18 _build/nrf52832_xxaa/boards.c.o
                0x00000000000293f4                bsp_board_led_on
 .text.bsp_board_led_off
                0x000000000002940c       0x18 _build/nrf52832_xxaa/boards.c.o
                0x000000000002940c                bsp_board_led_off
 .text.bsp_board_leds_off
                0x0000000000029424       0x2c _build/nrf52832_xxaa/boards.c.o
                0x0000000000029424                bsp_board_leds_off
 .text.bsp_board_leds_on
                0x0000000000029450       0x2c _build/nrf52832_xxaa/boards.c.o
                0x0000000000029450                bsp_board_leds_on
 .text.bsp_board_led_invert
                0x000000000002947c       0x24 _build/nrf52832_xxaa/boards.c.o
                0x000000000002947c                bsp_board_led_invert
 .text.bsp_board_pin_to_button_idx
                0x00000000000294a0       0x24 _build/nrf52832_xxaa/boards.c.o
                0x00000000000294a0                bsp_board_pin_to_button_idx
 .text.bsp_board_init
                0x00000000000294c4       0x5c _build/nrf52832_xxaa/boards.c.o
                0x00000000000294c4                bsp_board_init
 .text.clock_irq_handler
                0x0000000000029520       0x44 _build/nrf52832_xxaa/nrf_drv_clock.c.o
 .text.soc_evt_handler
                0x0000000000029564       0x28 _build/nrf52832_xxaa/nrf_drv_clock.c.o
 .text.sd_state_evt_handler
                0x000000000002958c       0xc8 _build/nrf52832_xxaa/nrf_drv_clock.c.o
 .text.uarte_evt_handler
                0x0000000000029654       0x34 _build/nrf52832_xxaa/nrf_drv_uart.c.o
 .text.uart_evt_handler
                0x0000000000029688       0x34 _build/nrf52832_xxaa/nrf_drv_uart.c.o
 .text.nrf_drv_uart_init
                0x00000000000296bc       0x80 _build/nrf52832_xxaa/nrf_drv_uart.c.o
                0x00000000000296bc                nrf_drv_uart_init
 .text.twim_evt_handler
                0x000000000002973c       0x40 _build/nrf52832_xxaa/nrf_drv_twi.c.o
 .text.nrf_drv_twi_init
                0x000000000002977c      0x104 _build/nrf52832_xxaa/nrf_drv_twi.c.o
                0x000000000002977c                nrf_drv_twi_init
 .text.xfer_completeness_check
                0x0000000000029880       0x70 _build/nrf52832_xxaa/nrfx_twim.c.o
 .text.SPIM0_SPIS0_TWIM0_TWIS0_SPI0_TWI0_IRQHandler
                0x00000000000298f0      0x1cc _build/nrf52832_xxaa/nrfx_twim.c.o
                0x00000000000298f0                SPIM0_SPIS0_TWIM0_TWIS0_SPI0_TWI0_IRQHandler
 .text.nrfx_twim_init
                0x0000000000029abc       0xfc _build/nrf52832_xxaa/nrfx_twim.c.o
                0x0000000000029abc                nrfx_twim_init
 .text.nrfx_twim_enable
                0x0000000000029bb8       0x20 _build/nrf52832_xxaa/nrfx_twim.c.o
                0x0000000000029bb8                nrfx_twim_enable
 .text.nrfx_twim_xfer
                0x0000000000029bd8      0x328 _build/nrf52832_xxaa/nrfx_twim.c.o
                0x0000000000029bd8                nrfx_twim_xfer
 .text.nrfx_twim_tx
                0x0000000000029f00      0x1f8 _build/nrf52832_xxaa/nrfx_twim.c.o
                0x0000000000029f00                nrfx_twim_tx
 .text.nrfx_clock_init
                0x000000000002a0f8       0x18 _build/nrf52832_xxaa/nrfx_clock.c.o
                0x000000000002a0f8                nrfx_clock_init
 .text.nrfx_clock_enable
                0x000000000002a110       0x24 _build/nrf52832_xxaa/nrfx_clock.c.o
                0x000000000002a110                nrfx_clock_enable
 .text.nrfx_clock_lfclk_stop
                0x000000000002a134       0x38 _build/nrf52832_xxaa/nrfx_clock.c.o
                0x000000000002a134                nrfx_clock_lfclk_stop
 .text.POWER_CLOCK_IRQHandler
                0x000000000002a16c       0x6c _build/nrf52832_xxaa/nrfx_clock.c.o
                0x000000000002a16c                POWER_CLOCK_IRQHandler
 .text.nrfx_gpiote_init
                0x000000000002a1d8       0xa0 _build/nrf52832_xxaa/nrfx_gpiote.c.o
                0x000000000002a1d8                nrfx_gpiote_init
 .text.nrfx_gpiote_is_init
                0x000000000002a278       0x14 _build/nrf52832_xxaa/nrfx_gpiote.c.o
                0x000000000002a278                nrfx_gpiote_is_init
 .text.nrfx_gpiote_in_init
                0x000000000002a28c      0x1c8 _build/nrf52832_xxaa/nrfx_gpiote.c.o
                0x000000000002a28c                nrfx_gpiote_in_init
 .text.nrfx_gpiote_in_event_enable
                0x000000000002a454       0xbc _build/nrf52832_xxaa/nrfx_gpiote.c.o
                0x000000000002a454                nrfx_gpiote_in_event_enable
 .text.nrfx_gpiote_in_is_set
                0x000000000002a510       0x14 _build/nrf52832_xxaa/nrfx_gpiote.c.o
                0x000000000002a510                nrfx_gpiote_in_is_set
 .text.GPIOTE_IRQHandler
                0x000000000002a524      0x444 _build/nrf52832_xxaa/nrfx_gpiote.c.o
                0x000000000002a524                GPIOTE_IRQHandler
 .text.UARTE0_UART0_IRQHandler
                0x000000000002a968        0xc _build/nrf52832_xxaa/nrfx_prs.c.o
                0x000000000002a968                UARTE0_UART0_IRQHandler
 .text.nrfx_prs_acquire
                0x000000000002a974       0x50 _build/nrf52832_xxaa/nrfx_prs.c.o
                0x000000000002a974                nrfx_prs_acquire
 .text.nrfx_prs_release
                0x000000000002a9c4       0x18 _build/nrf52832_xxaa/nrfx_prs.c.o
                0x000000000002a9c4                nrfx_prs_release
 .text.nrfx_uart_0_irq_handler
                0x000000000002a9dc      0x1c4 _build/nrf52832_xxaa/nrfx_uart.c.o
                0x000000000002a9dc                nrfx_uart_0_irq_handler
 .text.nrfx_uart_init
                0x000000000002aba0      0x1a4 _build/nrf52832_xxaa/nrfx_uart.c.o
                0x000000000002aba0                nrfx_uart_init
 .text.nrfx_uart_uninit
                0x000000000002ad44       0xdc _build/nrf52832_xxaa/nrfx_uart.c.o
                0x000000000002ad44                nrfx_uart_uninit
 .text.nrfx_uart_tx
                0x000000000002ae20       0xd0 _build/nrf52832_xxaa/nrfx_uart.c.o
                0x000000000002ae20                nrfx_uart_tx
 .text.nrfx_uarte_0_irq_handler
                0x000000000002aef0      0x168 _build/nrf52832_xxaa/nrfx_uarte.c.o
                0x000000000002aef0                nrfx_uarte_0_irq_handler
 .text.nrfx_uarte_init
                0x000000000002b058      0x1dc _build/nrf52832_xxaa/nrfx_uarte.c.o
                0x000000000002b058                nrfx_uarte_init
 .text.nrfx_uarte_uninit
                0x000000000002b234      0x140 _build/nrf52832_xxaa/nrfx_uarte.c.o
                0x000000000002b234                nrfx_uarte_uninit
 .text.nrfx_uarte_tx
                0x000000000002b374       0xb4 _build/nrf52832_xxaa/nrfx_uarte.c.o
                0x000000000002b374                nrfx_uarte_tx
 .text.alert_timer_handler
                0x000000000002b428        0x8 _build/nrf52832_xxaa/bsp.c.o
 .text.bsp_button_event_handler
                0x000000000002b430       0xa4 _build/nrf52832_xxaa/bsp.c.o
 .text.button_timer_handler
                0x000000000002b4d4       0x30 _build/nrf52832_xxaa/bsp.c.o
 .text.bsp_led_indication
                0x000000000002b504      0x318 _build/nrf52832_xxaa/bsp.c.o
 .text.leds_timer_handler
                0x000000000002b81c       0x1c _build/nrf52832_xxaa/bsp.c.o
 .text.bsp_indication_set
                0x000000000002b838       0x18 _build/nrf52832_xxaa/bsp.c.o
                0x000000000002b838                bsp_indication_set
 .text.bsp_init
                0x000000000002b850       0xbc _build/nrf52832_xxaa/bsp.c.o
                0x000000000002b850                bsp_init
 .text.sd_ble_gap_adv_set_configure
                0x000000000002b90c        0x4 _build/nrf52832_xxaa/main.c.o
 .text.sd_ble_gap_adv_start
                0x000000000002b910        0x4 _build/nrf52832_xxaa/main.c.o
 .text.bme280_handler
                0x000000000002b914        0x4 _build/nrf52832_xxaa/main.c.o
                0x000000000002b914                bme280_handler
 .text.update_adv_values
                0x000000000002b918       0xe0 _build/nrf52832_xxaa/main.c.o
 .text.twi_init
                0x000000000002b9f8       0x54 _build/nrf52832_xxaa/main.c.o
                0x000000000002b9f8                twi_init
 .text.bme280_init
                0x000000000002ba4c       0x30 _build/nrf52832_xxaa/main.c.o
                0x000000000002ba4c                bme280_init
 .text.startup.main
                0x000000000002ba7c      0x1a4 _build/nrf52832_xxaa/main.c.o
                0x000000000002ba7c                main
 .text.sd_ble_gap_addr_get
                0x000000000002bc20        0x4 _build/nrf52832_xxaa/ble_advdata.c.o
 .text.sd_ble_gap_appearance_get
                0x000000000002bc24        0x4 _build/nrf52832_xxaa/ble_advdata.c.o
 .text.sd_ble_gap_device_name_get
                0x000000000002bc28        0x4 _build/nrf52832_xxaa/ble_advdata.c.o
 .text.sd_ble_uuid_encode
                0x000000000002bc2c        0x4 _build/nrf52832_xxaa/ble_advdata.c.o
 .text.uuid_list_sized_encode.isra.0
                0x000000000002bc30       0xf0 _build/nrf52832_xxaa/ble_advdata.c.o
 .text.ble_advdata_encode
                0x000000000002bd20      0x40c _build/nrf52832_xxaa/ble_advdata.c.o
                0x000000000002bd20                ble_advdata_encode
 .text.sd_softdevice_enable
                0x000000000002c12c        0x4 _build/nrf52832_xxaa/nrf_sdh.c.o
 .text.nrf_sdh_enable_request
                0x000000000002c130      0x118 _build/nrf52832_xxaa/nrf_sdh.c.o
                0x000000000002c130                nrf_sdh_enable_request
 .text.nrf_sdh_is_enabled
                0x000000000002c248        0xc _build/nrf52832_xxaa/nrf_sdh.c.o
                0x000000000002c248                nrf_sdh_is_enabled
 .text.SWI2_EGU2_IRQHandler
                0x000000000002c254       0x2c _build/nrf52832_xxaa/nrf_sdh.c.o
                0x000000000002c254                SWI2_EGU2_IRQHandler
 .text.sd_ble_enable
                0x000000000002c280        0x4 _build/nrf52832_xxaa/nrf_sdh_ble.c.o
 .text.sd_ble_cfg_set
                0x000000000002c284        0x4 _build/nrf52832_xxaa/nrf_sdh_ble.c.o
 .text.sd_ble_evt_get
                0x000000000002c288        0x4 _build/nrf52832_xxaa/nrf_sdh_ble.c.o
 .text.nrf_sdh_ble_evts_poll
                0x000000000002c28c       0x5c _build/nrf52832_xxaa/nrf_sdh_ble.c.o
 .text.nrf_sdh_ble_default_cfg_set
                0x000000000002c2e8      0x174 _build/nrf52832_xxaa/nrf_sdh_ble.c.o
                0x000000000002c2e8                nrf_sdh_ble_default_cfg_set
 .text.nrf_sdh_ble_enable
                0x000000000002c45c       0xa0 _build/nrf52832_xxaa/nrf_sdh_ble.c.o
                0x000000000002c45c                nrf_sdh_ble_enable
 .text.sd_evt_get
                0x000000000002c4fc        0x4 _build/nrf52832_xxaa/nrf_sdh_soc.c.o
 .text.nrf_sdh_soc_evts_poll
                0x000000000002c500       0x4c _build/nrf52832_xxaa/nrf_sdh_soc.c.o
 .text.exit     0x000000000002c54c       0x28 /home/jirik/nrf52/gcc-arm-none-eabi-9-2020-q2-update/bin/../lib/gcc/arm-none-eabi/9.3.1/../../../../arm-none-eabi/lib/thumb/v7e-m+fp/hard/libc_nano.a(lib_a-exit.o)
                0x000000000002c54c                exit
 .text.__libc_init_array
                0x000000000002c574       0x48 /home/jirik/nrf52/gcc-arm-none-eabi-9-2020-q2-update/bin/../lib/gcc/arm-none-eabi/9.3.1/../../../../arm-none-eabi/lib/thumb/v7e-m+fp/hard/libc_nano.a(lib_a-init.o)
                0x000000000002c574                __libc_init_array
 .text.memcpy   0x000000000002c5bc       0x1c /home/jirik/nrf52/gcc-arm-none-eabi-9-2020-q2-update/bin/../lib/gcc/arm-none-eabi/9.3.1/../../../../arm-none-eabi/lib/thumb/v7e-m+fp/hard/libc_nano.a(lib_a-memcpy-stub.o)
                0x000000000002c5bc                memcpy
 .text.memset   0x000000000002c5d8       0x10 /home/jirik/nrf52/gcc-arm-none-eabi-9-2020-q2-update/bin/../lib/gcc/arm-none-eabi/9.3.1/../../../../arm-none-eabi/lib/thumb/v7e-m+fp/hard/libc_nano.a(lib_a-memset.o)
                0x000000000002c5d8                memset
 .text          0x000000000002c5e8       0x10 /home/jirik/nrf52/gcc-arm-none-eabi-9-2020-q2-update/bin/../lib/gcc/arm-none-eabi/9.3.1/../../../../arm-none-eabi/lib/thumb/v7e-m+fp/hard/libc_nano.a(lib_a-strlen.o)
                0x000000000002c5e8                strlen
 .text._exit    0x000000000002c5f8        0x4 /home/jirik/nrf52/gcc-arm-none-eabi-9-2020-q2-update/bin/../lib/gcc/arm-none-eabi/9.3.1/../../../../arm-none-eabi/lib/thumb/v7e-m+fp/hard/libnosys.a(_exit.o)
                0x000000000002c5f8                _exit
 .text          0x000000000002c5fc       0xa0 /home/jirik/nrf52/gcc-arm-none-eabi-9-2020-q2-update/bin/../lib/gcc/arm-none-eabi/9.3.1/thumb/v7e-m+fp/hard/libgcc.a(_aeabi_ldivmod.o)
                0x000000000002c5fc                __aeabi_ldivmod
 .text          0x000000000002c69c       0x30 /home/jirik/nrf52/gcc-arm-none-eabi-9-2020-q2-update/bin/../lib/gcc/arm-none-eabi/9.3.1/thumb/v7e-m+fp/hard/libgcc.a(_aeabi_uldivmod.o)
                0x000000000002c69c                __aeabi_uldivmod
 .text          0x000000000002c6cc      0x2c4 /home/jirik/nrf52/gcc-arm-none-eabi-9-2020-q2-update/bin/../lib/gcc/arm-none-eabi/9.3.1/thumb/v7e-m+fp/hard/libgcc.a(_udivmoddi4.o)
                0x000000000002c6cc                __udivmoddi4
 .text          0x000000000002c990        0x4 /home/jirik/nrf52/gcc-arm-none-eabi-9-2020-q2-update/bin/../lib/gcc/arm-none-eabi/9.3.1/thumb/v7e-m+fp/hard/libgcc.a(_dvmd_tls.o)
                0x000000000002c990                __aeabi_ldiv0
                0x000000000002c990                __aeabi_idiv0
 *(.init)
 .init          0x000000000002c994        0x4 /home/jirik/nrf52/gcc-arm-none-eabi-9-2020-q2-update/bin/../lib/gcc/arm-none-eabi/9.3.1/thumb/v7e-m+fp/hard/crti.o
                0x000000000002c994                _init
 .init          0x000000000002c998        0x8 /home/jirik/nrf52/gcc-arm-none-eabi-9-2020-q2-update/bin/../lib/gcc/arm-none-eabi/9.3.1/thumb/v7e-m+fp/hard/crtn.o
 *(.fini)
 .fini          0x000000000002c9a0        0x4 /home/jirik/nrf52/gcc-arm-none-eabi-9-2020-q2-update/bin/../lib/gcc/arm-none-eabi/9.3.1/thumb/v7e-m+fp/hard/crti.o
                0x000000000002c9a0                _fini
 .fini          0x000000000002c9a4        0x8 /home/jirik/nrf52/gcc-arm-none-eabi-9-2020-q2-update/bin/../lib/gcc/arm-none-eabi/9.3.1/thumb/v7e-m+fp/hard/crtn.o
 *crtbegin.o(.ctors)
 *crtbegin?.o(.ctors)
 *(EXCLUDE_FILE(*crtend.o *crtend?.o) .ctors)
 *(SORT_BY_NAME(.ctors.*))
 *(.ctors)
 *crtbegin.o(.dtors)
 *crtbegin?.o(.dtors)
 *(EXCLUDE_FILE(*crtend.o *crtend?.o) .dtors)
 *(SORT_BY_NAME(.dtors.*))
 *(.dtors)
 *(.rodata*)
 .rodata        0x000000000002c9ac       0x20 _build/nrf52832_xxaa/nrf_log_backend_uart.c.o
 .rodata.nrf_log_backend_uart_api
                0x000000000002c9cc        0xc _build/nrf52832_xxaa/nrf_log_backend_uart.c.o
                0x000000000002c9cc                nrf_log_backend_uart_api
 .rodata.str1.4
                0x000000000002c9d8       0x11 _build/nrf52832_xxaa/nrf_log_default_backends.c.o
 *fill*         0x000000000002c9e9        0x3 
 .rodata.nrf_log_frontend_dequeue.str1.4
                0x000000000002c9ec       0x11 _build/nrf52832_xxaa/nrf_log_frontend.c.o
 *fill*         0x000000000002c9fd        0x3 
 .rodata.str1.4
                0x000000000002ca00        0x4 _build/nrf52832_xxaa/nrf_log_frontend.c.o
 .rodata.m_log_push_ringbuf
                0x000000000002ca04        0xc _build/nrf52832_xxaa/nrf_log_frontend.c.o
 .rodata.prefix_process.str1.4
                0x000000000002ca10       0x36 _build/nrf52832_xxaa/nrf_log_str_formatter.c.o
 *fill*         0x000000000002ca46        0x2 
 .rodata.nrf_log_std_entry_process.str1.4
                0x000000000002ca48        0x3 _build/nrf52832_xxaa/nrf_log_str_formatter.c.o
 *fill*         0x000000000002ca4b        0x1 
 .rodata.nrf_log_hexdump_entry_process.str1.4
                0x000000000002ca4c       0x13 _build/nrf52832_xxaa/nrf_log_str_formatter.c.o
                                         0x16 (size before relaxing)
 *fill*         0x000000000002ca5f        0x1 
 .rodata.str1.4
                0x000000000002ca60       0x56 _build/nrf52832_xxaa/nrf_log_str_formatter.c.o
 *fill*         0x000000000002cab6        0x2 
 .rodata.m_colors
                0x000000000002cab8       0x24 _build/nrf52832_xxaa/nrf_log_str_formatter.c.o
 .rodata.severity_names
                0x000000000002cadc       0x14 _build/nrf52832_xxaa/nrf_log_str_formatter.c.o
 .rodata.str1.4
                0x000000000002caf0        0xb _build/nrf52832_xxaa/app_button.c.o
 *fill*         0x000000000002cafb        0x1 
 .rodata.m_detection_delay_timer_id
                0x000000000002cafc        0x4 _build/nrf52832_xxaa/app_button.c.o
 .rodata.app_error_fault_handler.str1.4
                0x000000000002cb00       0x19 _build/nrf52832_xxaa/app_error_weak.c.o
 *fill*         0x000000000002cb19        0x3 
 .rodata.str1.4
                0x000000000002cb1c        0xa _build/nrf52832_xxaa/app_timer2.c.o
 *fill*         0x000000000002cb26        0x2 
 .rodata        0x000000000002cb28        0x4 _build/nrf52832_xxaa/app_timer2.c.o
 .rodata.m_app_timer_sortlist
                0x000000000002cb2c        0xc _build/nrf52832_xxaa/app_timer2.c.o
 .rodata.drv_rtc_init.str1.4
                0x000000000002cb38       0x36 _build/nrf52832_xxaa/drv_rtc.c.o
 *fill*         0x000000000002cb6e        0x2 
 .rodata.delay_machine_code.8575
                0x000000000002cb70        0x6 _build/nrf52832_xxaa/drv_rtc.c.o
 *fill*         0x000000000002cb76        0x2 
 .rodata._aV2C.7653
                0x000000000002cb78       0x10 _build/nrf52832_xxaa/nrf_fprintf_format.c.o
 .rodata.str1.4
                0x000000000002cb88        0x9 _build/nrf52832_xxaa/nrf_pwr_mgmt.c.o
 *fill*         0x000000000002cb91        0x3 
 .rodata.pwr_mgmt_data
                0x000000000002cb94        0xc _build/nrf52832_xxaa/nrf_pwr_mgmt.c.o
 .rodata.str1.4
                0x000000000002cba0        0x9 _build/nrf52832_xxaa/nrf_sortlist.c.o
 *fill*         0x000000000002cba9        0x3 
 .rodata.str1.4
                0x000000000002cbac      0x3e9 _build/nrf52832_xxaa/nrf_strerror.c.o
 *fill*         0x000000000002cf95        0x3 
 .rodata.m_unknown_str
                0x000000000002cf98       0x13 _build/nrf52832_xxaa/nrf_strerror.c.o
 *fill*         0x000000000002cfab        0x1 
 .rodata.nrf_strerror_array
                0x000000000002cfac      0x128 _build/nrf52832_xxaa/nrf_strerror.c.o
 .rodata.CSWTCH.15
                0x000000000002d0d4        0x5 _build/nrf52832_xxaa/system_nrf52.c.o
 *fill*         0x000000000002d0d9        0x3 
 .rodata.CSWTCH.19
                0x000000000002d0dc        0x5 _build/nrf52832_xxaa/system_nrf52.c.o
 *fill*         0x000000000002d0e1        0x3 
 .rodata.CSWTCH.21
                0x000000000002d0e4        0x5 _build/nrf52832_xxaa/system_nrf52.c.o
 *fill*         0x000000000002d0e9        0x3 
 .rodata.CSWTCH.5
                0x000000000002d0ec        0x5 _build/nrf52832_xxaa/system_nrf52.c.o
 *fill*         0x000000000002d0f1        0x3 
 .rodata.m_board_led_list
                0x000000000002d0f4        0x4 _build/nrf52832_xxaa/boards.c.o
 .rodata.str1.4
                0x000000000002d0f8        0x6 _build/nrf52832_xxaa/nrf_drv_clock.c.o
 *fill*         0x000000000002d0fe        0x2 
 .rodata.delay_machine_code.8575
                0x000000000002d100        0x6 _build/nrf52832_xxaa/nrf_drv_twi.c.o
 *fill*         0x000000000002d106        0x2 
 .rodata.str1.4
                0x000000000002d108        0x5 _build/nrf52832_xxaa/nrfx_twim.c.o
 *fill*         0x000000000002d10d        0x3 
 .rodata.str1.4
                0x000000000002d110        0x6 _build/nrf52832_xxaa/nrfx_clock.c.o
 *fill*         0x000000000002d116        0x2 
 .rodata.str1.4
                0x000000000002d118        0x7 _build/nrf52832_xxaa/nrfx_gpiote.c.o
 *fill*         0x000000000002d11f        0x1 
 .rodata.str1.4
                0x000000000002d120        0x4 _build/nrf52832_xxaa/nrfx_prs.c.o
 .rodata.str1.4
                0x000000000002d124        0x5 _build/nrf52832_xxaa/nrfx_uart.c.o
 *fill*         0x000000000002d129        0x3 
 .rodata.str1.4
                0x000000000002d12c        0x6 _build/nrf52832_xxaa/nrfx_uarte.c.o
 *fill*         0x000000000002d132        0x2 
 .rodata.app_buttons
                0x000000000002d134       0x20 _build/nrf52832_xxaa/bsp.c.o
 .rodata.m_bsp_alert_tmr
                0x000000000002d154        0x4 _build/nrf52832_xxaa/bsp.c.o
 .rodata.m_bsp_button_tmr
                0x000000000002d158        0x4 _build/nrf52832_xxaa/bsp.c.o
 .rodata.m_bsp_leds_tmr
                0x000000000002d15c        0x4 _build/nrf52832_xxaa/bsp.c.o
 .rodata.main.str1.4
                0x000000000002d160       0x23 _build/nrf52832_xxaa/main.c.o
 *fill*         0x000000000002d183        0x1 
 .rodata        0x000000000002d184        0x5 _build/nrf52832_xxaa/main.c.o
 *fill*         0x000000000002d189        0x7 
 .rodata.delay_machine_code.8575
                0x000000000002d190        0x6 _build/nrf52832_xxaa/main.c.o
 *fill*         0x000000000002d196        0x2 
 .rodata.m_timer_id
                0x000000000002d198        0x4 _build/nrf52832_xxaa/main.c.o
 .rodata.m_twi  0x000000000002d19c       0x10 _build/nrf52832_xxaa/main.c.o
 .rodata.str1.4
                0x000000000002d1ac        0x8 _build/nrf52832_xxaa/nrf_sdh.c.o
 .rodata        0x000000000002d1b4        0x4 _build/nrf52832_xxaa/nrf_sdh.c.o
 .rodata.sdh_req_observers
                0x000000000002d1b8        0xc _build/nrf52832_xxaa/nrf_sdh.c.o
 .rodata.sdh_stack_observers
                0x000000000002d1c4        0xc _build/nrf52832_xxaa/nrf_sdh.c.o
 .rodata.sdh_state_observers
                0x000000000002d1d0        0xc _build/nrf52832_xxaa/nrf_sdh.c.o
 .rodata.nrf_sdh_ble_default_cfg_set.str1.4
                0x000000000002d1dc      0x187 _build/nrf52832_xxaa/nrf_sdh_ble.c.o
 *fill*         0x000000000002d363        0x1 
 .rodata.nrf_sdh_ble_enable.str1.4
                0x000000000002d364       0xad _build/nrf52832_xxaa/nrf_sdh_ble.c.o
 *fill*         0x000000000002d411        0x3 
 .rodata.str1.4
                0x000000000002d414        0xc _build/nrf52832_xxaa/nrf_sdh_ble.c.o
 .rodata.sdh_ble_observers
                0x000000000002d420        0xc _build/nrf52832_xxaa/nrf_sdh_ble.c.o
 .rodata.str1.4
                0x000000000002d42c        0xc _build/nrf52832_xxaa/nrf_sdh_soc.c.o
 .rodata.sdh_soc_observers
                0x000000000002d438        0xc _build/nrf52832_xxaa/nrf_sdh_soc.c.o
 .rodata._ctype_
                0x000000000002d444      0x101 /home/jirik/nrf52/gcc-arm-none-eabi-9-2020-q2-update/bin/../lib/gcc/arm-none-eabi/9.3.1/../../../../arm-none-eabi/lib/thumb/v7e-m+fp/hard/libc_nano.a(lib_a-ctype_.o)
                0x000000000002d444                _ctype_
 *fill*         0x000000000002d545        0x3 
 .rodata._global_impure_ptr
                0x000000000002d548        0x4 /home/jirik/nrf52/gcc-arm-none-eabi-9-2020-q2-update/bin/../lib/gcc/arm-none-eabi/9.3.1/../../../../arm-none-eabi/lib/thumb/v7e-m+fp/hard/libc_nano.a(lib_a-impure.o)
                0x000000000002d548                _global_impure_ptr
 *(.eh_frame*)
 .eh_frame      0x000000000002d54c        0x0 /home/jirik/nrf52/gcc-arm-none-eabi-9-2020-q2-update/bin/../lib/gcc/arm-none-eabi/9.3.1/thumb/v7e-m+fp/hard/crtbegin.o
 .eh_frame      0x000000000002d54c        0x4 /home/jirik/nrf52/gcc-arm-none-eabi-9-2020-q2-update/bin/../lib/gcc/arm-none-eabi/9.3.1/thumb/v7e-m+fp/hard/crtend.o

.glue_7         0x000000000002d550        0x0
 .glue_7        0x000000000002d550        0x0 linker stubs

.glue_7t        0x000000000002d550        0x0
 .glue_7t       0x000000000002d550        0x0 linker stubs

.vfp11_veneer   0x000000000002d550        0x0
 .vfp11_veneer  0x000000000002d550        0x0 linker stubs

.v4_bx          0x000000000002d550        0x0
 .v4_bx         0x000000000002d550        0x0 linker stubs

.iplt           0x000000000002d550        0x0
 .iplt          0x000000000002d550        0x0 /home/jirik/nrf52/gcc-arm-none-eabi-9-2020-q2-update/bin/../lib/gcc/arm-none-eabi/9.3.1/thumb/v7e-m+fp/hard/crtbegin.o

.mem_section_dummy_rom

.sdh_soc_observers
                0x000000000002d550        0x8
                0x000000000002d550                PROVIDE (__start_sdh_soc_observers = .)
 *(SORT_BY_NAME(.sdh_soc_observers*))
 .sdh_soc_observers0
                0x000000000002d550        0x8 _build/nrf52832_xxaa/nrf_drv_clock.c.o
                0x000000000002d558                PROVIDE (__stop_sdh_soc_observers = .)

.sdh_ble_observers
                0x000000000002d558        0x0
                0x000000000002d558                PROVIDE (__start_sdh_ble_observers = .)
 *(SORT_BY_NAME(.sdh_ble_observers*))
                0x000000000002d558                PROVIDE (__stop_sdh_ble_observers = .)

.pwr_mgmt_data  0x000000000002d558        0x0
                0x000000000002d558                PROVIDE (__start_pwr_mgmt_data = .)
 *(SORT_BY_NAME(.pwr_mgmt_data*))
                0x000000000002d558                PROVIDE (__stop_pwr_mgmt_data = .)

.sdh_req_observers
                0x000000000002d558        0x0
                0x000000000002d558                PROVIDE (__start_sdh_req_observers = .)
 *(SORT_BY_NAME(.sdh_req_observers*))
                0x000000000002d558                PROVIDE (__stop_sdh_req_observers = .)

.sdh_state_observers
                0x000000000002d558        0x8
                0x000000000002d558                PROVIDE (__start_sdh_state_observers = .)
 *(SORT_BY_NAME(.sdh_state_observers*))
 .sdh_state_observers0
                0x000000000002d558        0x8 _build/nrf52832_xxaa/nrf_drv_clock.c.o
                0x000000000002d560                PROVIDE (__stop_sdh_state_observers = .)

.sdh_stack_observers
                0x000000000002d560       0x10
                0x000000000002d560                PROVIDE (__start_sdh_stack_observers = .)
 *(SORT_BY_NAME(.sdh_stack_observers*))
 .sdh_stack_observers0
                0x000000000002d560        0x8 _build/nrf52832_xxaa/nrf_sdh_ble.c.o
 .sdh_stack_observers0
                0x000000000002d568        0x8 _build/nrf52832_xxaa/nrf_sdh_soc.c.o
                0x000000000002d570                PROVIDE (__stop_sdh_stack_observers = .)

.nrf_queue      0x000000000002d570        0x0
                [!provide]                        PROVIDE (__start_nrf_queue = .)
 *(.nrf_queue)
                [!provide]                        PROVIDE (__stop_nrf_queue = .)

.nrf_balloc     0x000000000002d570       0x14
                [!provide]                        PROVIDE (__start_nrf_balloc = .)
 *(.nrf_balloc)
 .nrf_balloc    0x000000000002d570       0x14 _build/nrf52832_xxaa/nrf_log_frontend.c.o
                0x000000000002d570                log_mempool
                [!provide]                        PROVIDE (__stop_nrf_balloc = .)

.cli_command    0x000000000002d584        0x0
                [!provide]                        PROVIDE (__start_cli_command = .)
 *(.cli_command)
                [!provide]                        PROVIDE (__stop_cli_command = .)

.crypto_data    0x000000000002d584        0x0
                [!provide]                        PROVIDE (__start_crypto_data = .)
 *(SORT_BY_NAME(.crypto_data*))
                [!provide]                        PROVIDE (__stop_crypto_data = .)

.log_const_data
                0x000000000002d584       0x78
                0x000000000002d584                PROVIDE (__start_log_const_data = .)
 *(SORT_BY_NAME(.log_const_data*))
 .log_const_data_CLOCK
                0x000000000002d584        0x8 _build/nrf52832_xxaa/nrfx_clock.c.o
                0x000000000002d584                m_nrf_log_CLOCK_logs_data_const
 .log_const_data_GPIOTE
                0x000000000002d58c        0x8 _build/nrf52832_xxaa/nrfx_gpiote.c.o
                0x000000000002d58c                m_nrf_log_GPIOTE_logs_data_const
 .log_const_data_PRS
                0x000000000002d594        0x8 _build/nrf52832_xxaa/nrfx_prs.c.o
                0x000000000002d594                m_nrf_log_PRS_logs_data_const
 .log_const_data_TWIM
                0x000000000002d59c        0x8 _build/nrf52832_xxaa/nrfx_twim.c.o
                0x000000000002d59c                m_nrf_log_TWIM_logs_data_const
 .log_const_data_UART
                0x000000000002d5a4        0x8 _build/nrf52832_xxaa/nrfx_uart.c.o
                0x000000000002d5a4                m_nrf_log_UART_logs_data_const
 .log_const_data_UARTE
                0x000000000002d5ac        0x8 _build/nrf52832_xxaa/nrfx_uarte.c.o
                0x000000000002d5ac                m_nrf_log_UARTE_logs_data_const
 .log_const_data_app
                0x000000000002d5b4        0x8 _build/nrf52832_xxaa/nrf_log_frontend.c.o
                0x000000000002d5b4                m_nrf_log_app_logs_data_const
 .log_const_data_app_button
                0x000000000002d5bc        0x8 _build/nrf52832_xxaa/app_button.c.o
                0x000000000002d5bc                m_nrf_log_app_button_logs_data_const
 .log_const_data_app_timer
                0x000000000002d5c4        0x8 _build/nrf52832_xxaa/app_timer2.c.o
                0x000000000002d5c4                m_nrf_log_app_timer_logs_data_const
 .log_const_data_clock
                0x000000000002d5cc        0x8 _build/nrf52832_xxaa/nrf_drv_clock.c.o
                0x000000000002d5cc                m_nrf_log_clock_logs_data_const
 .log_const_data_nrf_sdh
                0x000000000002d5d4        0x8 _build/nrf52832_xxaa/nrf_sdh.c.o
                0x000000000002d5d4                m_nrf_log_nrf_sdh_logs_data_const
 .log_const_data_nrf_sdh_ble
                0x000000000002d5dc        0x8 _build/nrf52832_xxaa/nrf_sdh_ble.c.o
                0x000000000002d5dc                m_nrf_log_nrf_sdh_ble_logs_data_const
 .log_const_data_nrf_sdh_soc
                0x000000000002d5e4        0x8 _build/nrf52832_xxaa/nrf_sdh_soc.c.o
                0x000000000002d5e4                m_nrf_log_nrf_sdh_soc_logs_data_const
 .log_const_data_pwr_mgmt
                0x000000000002d5ec        0x8 _build/nrf52832_xxaa/nrf_pwr_mgmt.c.o
                0x000000000002d5ec                m_nrf_log_pwr_mgmt_logs_data_const
 .log_const_data_sortlist
                0x000000000002d5f4        0x8 _build/nrf52832_xxaa/nrf_sortlist.c.o
                0x000000000002d5f4                m_nrf_log_sortlist_logs_data_const
                0x000000000002d5fc                PROVIDE (__stop_log_const_data = .)

.log_backends   0x000000000002d5fc       0x10
                [!provide]                        PROVIDE (__start_log_backends = .)
 *(SORT_BY_NAME(.log_backends*))
 .log_backends  0x000000000002d5fc       0x10 _build/nrf52832_xxaa/nrf_log_default_backends.c.o
                [!provide]                        PROVIDE (__stop_log_backends = .)

.ARM.extab
 *(.ARM.extab* .gnu.linkonce.armextab.*)
                0x000000000002d60c                __exidx_start = .

.ARM.exidx      0x000000000002d60c        0x8
 *(.ARM.exidx* .gnu.linkonce.armexidx.*)
 .ARM.exidx     0x000000000002d60c        0x8 /home/jirik/nrf52/gcc-arm-none-eabi-9-2020-q2-update/bin/../lib/gcc/arm-none-eabi/9.3.1/../../../../arm-none-eabi/lib/thumb/v7e-m+fp/hard/crt0.o
                                         0x10 (size before relaxing)
 .ARM.exidx     0x000000000002d614        0x0 /home/jirik/nrf52/gcc-arm-none-eabi-9-2020-q2-update/bin/../lib/gcc/arm-none-eabi/9.3.1/thumb/v7e-m+fp/hard/libgcc.a(_udivmoddi4.o)
                                          0x8 (size before relaxing)
                0x000000000002d614                __exidx_end = .

.rel.dyn        0x000000000002d614        0x0
 .rel.iplt      0x000000000002d614        0x0 /home/jirik/nrf52/gcc-arm-none-eabi-9-2020-q2-update/bin/../lib/gcc/arm-none-eabi/9.3.1/thumb/v7e-m+fp/hard/crtbegin.o
                0x000000000002d614                . = ALIGN (0x4)
                0x000000000002d614                __etext = .

.data           0x00000000200018c8      0x150 load address 0x000000000002d614
                0x00000000200018c8                __data_start__ = .
 *(vtable)
 *(.data*)
 .data.m_uart   0x00000000200018c8       0x14 _build/nrf52832_xxaa/nrf_log_backend_uart.c.o
                0x00000000200018c8                m_uart
 .data.log_backend_cb_uart_log_backend
                0x00000000200018dc        0x8 _build/nrf52832_xxaa/nrf_log_default_backends.c.o
 *fill*         0x00000000200018e4        0x4 
 .data.m_detection_delay_timer_id_data
                0x00000000200018e8       0x20 _build/nrf52832_xxaa/app_button.c.o
 .data.m_rtc_inst
                0x0000000020001908        0x8 _build/nrf52832_xxaa/app_timer2.c.o
 .data.SystemCoreClock
                0x0000000020001910        0x4 _build/nrf52832_xxaa/system_nrf52.c.o
                0x0000000020001910                SystemCoreClock
 *fill*         0x0000000020001914        0x4 
 .data.m_bsp_alert_tmr_data
                0x0000000020001918       0x20 _build/nrf52832_xxaa/bsp.c.o
 .data.m_bsp_button_tmr_data
                0x0000000020001938       0x20 _build/nrf52832_xxaa/bsp.c.o
 .data.m_bsp_leds_tmr_data
                0x0000000020001958       0x20 _build/nrf52832_xxaa/bsp.c.o
 .data.m_adv_data
                0x0000000020001978       0x10 _build/nrf52832_xxaa/main.c.o
 .data.m_adv_handle
                0x0000000020001988        0x1 _build/nrf52832_xxaa/main.c.o
 *fill*         0x0000000020001989        0x7 
 .data.m_timer_id_data
                0x0000000020001990       0x20 _build/nrf52832_xxaa/main.c.o
 .data.impure_data
                0x00000000200019b0       0x60 /home/jirik/nrf52/gcc-arm-none-eabi-9-2020-q2-update/bin/../lib/gcc/arm-none-eabi/9.3.1/../../../../arm-none-eabi/lib/thumb/v7e-m+fp/hard/libc_nano.a(lib_a-impure.o)
                0x0000000020001a10                . = ALIGN (0x4)
                0x0000000020001a10                PROVIDE (__preinit_array_start = .)
 *(.preinit_array)
                0x0000000020001a10                PROVIDE (__preinit_array_end = .)
                0x0000000020001a10                . = ALIGN (0x4)
                0x0000000020001a10                PROVIDE (__init_array_start = .)
 *(SORT_BY_NAME(.init_array.*))
 *(.init_array)
 .init_array    0x0000000020001a10        0x4 /home/jirik/nrf52/gcc-arm-none-eabi-9-2020-q2-update/bin/../lib/gcc/arm-none-eabi/9.3.1/thumb/v7e-m+fp/hard/crtbegin.o
                0x0000000020001a14                PROVIDE (__init_array_end = .)
                0x0000000020001a14                . = ALIGN (0x4)
                [!provide]                        PROVIDE (__fini_array_start = .)
 *(SORT_BY_NAME(.fini_array.*))
 *(.fini_array)
 .fini_array    0x0000000020001a14        0x4 /home/jirik/nrf52/gcc-arm-none-eabi-9-2020-q2-update/bin/../lib/gcc/arm-none-eabi/9.3.1/thumb/v7e-m+fp/hard/crtbegin.o
                [!provide]                        PROVIDE (__fini_array_end = .)
 *(.jcr*)
                0x0000000020001a18                . = ALIGN (0x4)
                0x0000000020001a18                __data_end__ = .
LOAD /home/jirik/nrf52/gcc-arm-none-eabi-9-2020-q2-update/bin/../lib/gcc/arm-none-eabi/9.3.1/thumb/v7e-m+fp/hard/crti.o
LOAD /home/jirik/nrf52/gcc-arm-none-eabi-9-2020-q2-update/bin/../lib/gcc/arm-none-eabi/9.3.1/thumb/v7e-m+fp/hard/crtbegin.o
LOAD /home/jirik/nrf52/gcc-arm-none-eabi-9-2020-q2-update/bin/../lib/gcc/arm-none-eabi/9.3.1/../../../../arm-none-eabi/lib/thumb/v7e-m+fp/hard/crt0.o
LOAD _build/nrf52832_xxaa/bme280_twi.c.o
LOAD _build/nrf52832_xxaa/gcc_startup_nrf52.S.o
LOAD _build/nrf52832_xxaa/nrf_log_backend_rtt.c.o
LOAD _build/nrf52832_xxaa/nrf_log_backend_serial.c.o
LOAD _build/nrf52832_xxaa/nrf_log_backend_uart.c.o
LOAD _build/nrf52832_xxaa/nrf_log_default_backends.c.o
LOAD _build/nrf52832_xxaa/nrf_log_frontend.c.o
LOAD _build/nrf52832_xxaa/nrf_log_str_formatter.c.o
LOAD _build/nrf52832_xxaa/app_button.c.o
LOAD _build/nrf52832_xxaa/app_error.c.o
LOAD _build/nrf52832_xxaa/app_error_handler_gcc.c.o
LOAD _build/nrf52832_xxaa/app_error_weak.c.o
LOAD _build/nrf52832_xxaa/app_scheduler.c.o
LOAD _build/nrf52832_xxaa/app_timer2.c.o
LOAD _build/nrf52832_xxaa/app_util_platform.c.o
LOAD _build/nrf52832_xxaa/drv_rtc.c.o
LOAD _build/nrf52832_xxaa/hardfault_implementation.c.o
LOAD _build/nrf52832_xxaa/nrf_assert.c.o
LOAD _build/nrf52832_xxaa/nrf_atfifo.c.o
LOAD _build/nrf52832_xxaa/nrf_atomic.c.o
LOAD _build/nrf52832_xxaa/nrf_balloc.c.o
LOAD _build/nrf52832_xxaa/nrf_fprintf.c.o
LOAD _build/nrf52832_xxaa/nrf_fprintf_format.c.o
LOAD _build/nrf52832_xxaa/nrf_memobj.c.o
LOAD _build/nrf52832_xxaa/nrf_pwr_mgmt.c.o
LOAD _build/nrf52832_xxaa/nrf_ringbuf.c.o
LOAD _build/nrf52832_xxaa/nrf_section_iter.c.o
LOAD _build/nrf52832_xxaa/nrf_sortlist.c.o
LOAD _build/nrf52832_xxaa/nrf_strerror.c.o
LOAD _build/nrf52832_xxaa/system_nrf52.c.o
LOAD _build/nrf52832_xxaa/boards.c.o
LOAD _build/nrf52832_xxaa/nrf_drv_clock.c.o
LOAD _build/nrf52832_xxaa/nrf_drv_uart.c.o
LOAD _build/nrf52832_xxaa/nrf_drv_twi.c.o
LOAD _build/nrf52832_xxaa/nrfx_twi.c.o
LOAD _build/nrf52832_xxaa/nrfx_twim.c.o
LOAD _build/nrf52832_xxaa/nrfx_atomic.c.o
LOAD _build/nrf52832_xxaa/nrfx_clock.c.o
LOAD _build/nrf52832_xxaa/nrfx_gpiote.c.o
LOAD _build/nrf52832_xxaa/nrfx_prs.c.o
LOAD _build/nrf52832_xxaa/nrfx_uart.c.o
LOAD _build/nrf52832_xxaa/nrfx_uarte.c.o
LOAD _build/nrf52832_xxaa/bsp.c.o
LOAD _build/nrf52832_xxaa/main.c.o
LOAD _build/nrf52832_xxaa/SEGGER_RTT.c.o
LOAD _build/nrf52832_xxaa/SEGGER_RTT_Syscalls_GCC.c.o
LOAD _build/nrf52832_xxaa/SEGGER_RTT_printf.c.o
LOAD _build/nrf52832_xxaa/ble_advdata.c.o
LOAD _build/nrf52832_xxaa/ble_srv_common.c.o
LOAD _build/nrf52832_xxaa/utf.c.o
LOAD _build/nrf52832_xxaa/nrf_sdh.c.o
LOAD _build/nrf52832_xxaa/nrf_sdh_ble.c.o
LOAD _build/nrf52832_xxaa/nrf_sdh_soc.c.o
LOAD /home/jirik/nrf52/gcc-arm-none-eabi-9-2020-q2-update/bin/../lib/gcc/arm-none-eabi/9.3.1/../../../../arm-none-eabi/lib/thumb/v7e-m+fp/hard/libc_nano.a
LOAD /home/jirik/nrf52/gcc-arm-none-eabi-9-2020-q2-update/bin/../lib/gcc/arm-none-eabi/9.3.1/../../../../arm-none-eabi/lib/thumb/v7e-m+fp/hard/libnosys.a
LOAD /home/jirik/nrf52/gcc-arm-none-eabi-9-2020-q2-update/bin/../lib/gcc/arm-none-eabi/9.3.1/../../../../arm-none-eabi/lib/thumb/v7e-m+fp/hard/libm.a
START GROUP
LOAD /home/jirik/nrf52/gcc-arm-none-eabi-9-2020-q2-update/bin/../lib/gcc/arm-none-eabi/9.3.1/thumb/v7e-m+fp/hard/libgcc.a
LOAD /home/jirik/nrf52/gcc-arm-none-eabi-9-2020-q2-update/bin/../lib/gcc/arm-none-eabi/9.3.1/../../../../arm-none-eabi/lib/thumb/v7e-m+fp/hard/libg_nano.a
LOAD /home/jirik/nrf52/gcc-arm-none-eabi-9-2020-q2-update/bin/../lib/gcc/arm-none-eabi/9.3.1/../../../../arm-none-eabi/lib/thumb/v7e-m+fp/hard/libc_nano.a
END GROUP
START GROUP
LOAD /home/jirik/nrf52/gcc-arm-none-eabi-9-2020-q2-update/bin/../lib/gcc/arm-none-eabi/9.3.1/thumb/v7e-m+fp/hard/libgcc.a
LOAD /home/jirik/nrf52/gcc-arm-none-eabi-9-2020-q2-update/bin/../lib/gcc/arm-none-eabi/9.3.1/../../../../arm-none-eabi/lib/thumb/v7e-m+fp/hard/libc_nano.a
END GROUP
LOAD /home/jirik/nrf52/gcc-arm-none-eabi-9-2020-q2-update/bin/../lib/gcc/arm-none-eabi/9.3.1/thumb/v7e-m+fp/hard/crtend.o
LOAD /home/jirik/nrf52/gcc-arm-none-eabi-9-2020-q2-update/bin/../lib/gcc/arm-none-eabi/9.3.1/thumb/v7e-m+fp/hard/crtn.o
START GROUP
LOAD /home/jirik/nrf52/gcc-arm-none-eabi-9-2020-q2-update/bin/../lib/gcc/arm-none-eabi/9.3.1/thumb/v7e-m+fp/hard/libgcc.a
LOAD /home/jirik/nrf52/gcc-arm-none-eabi-9-2020-q2-update/bin/../lib/gcc/arm-none-eabi/9.3.1/../../../../arm-none-eabi/lib/thumb/v7e-m+fp/hard/libc.a
LOAD /home/jirik/nrf52/gcc-arm-none-eabi-9-2020-q2-update/bin/../lib/gcc/arm-none-eabi/9.3.1/../../../../arm-none-eabi/lib/thumb/v7e-m+fp/hard/libnosys.a
END GROUP

.igot.plt       0x0000000020001a18        0x0 load address 0x000000000002d764
 .igot.plt      0x0000000020001a18        0x0 /home/jirik/nrf52/gcc-arm-none-eabi-9-2020-q2-update/bin/../lib/gcc/arm-none-eabi/9.3.1/thumb/v7e-m+fp/hard/crtbegin.o
                0x0000000020001a18                . = ALIGN (0x4)

.mem_section_dummy_ram

.cli_sorted_cmd_ptrs
                0x0000000020001a18        0x0
                [!provide]                        PROVIDE (__start_cli_sorted_cmd_ptrs = .)
 *(.cli_sorted_cmd_ptrs)
                [!provide]                        PROVIDE (__stop_cli_sorted_cmd_ptrs = .)

.fs_data        0x0000000020001a18        0x0
                [!provide]                        PROVIDE (__start_fs_data = .)
 *(.fs_data)
                [!provide]                        PROVIDE (__stop_fs_data = .)

.log_dynamic_data
                0x0000000020001a18        0x0
                0x0000000020001a18                PROVIDE (__start_log_dynamic_data = .)
 *(SORT_BY_NAME(.log_dynamic_data*))
                [!provide]                        PROVIDE (__stop_log_dynamic_data = .)

.log_filter_data
                0x0000000020001a18        0x0
                [!provide]                        PROVIDE (__start_log_filter_data = .)
 *(SORT_BY_NAME(.log_filter_data*))
                [!provide]                        PROVIDE (__stop_log_filter_data = .)

.bss            0x0000000020001a18      0x8a0 load address 0x000000000002d768
                0x0000000020001a18                . = ALIGN (0x4)
                0x0000000020001a18                __bss_start__ = .
 *(.bss*)
 .bss           0x0000000020001a18       0x1c /home/jirik/nrf52/gcc-arm-none-eabi-9-2020-q2-update/bin/../lib/gcc/arm-none-eabi/9.3.1/thumb/v7e-m+fp/hard/crtbegin.o
 .bss.m_addr    0x0000000020001a34        0x1 _build/nrf52832_xxaa/bme280_twi.c.o
 *fill*         0x0000000020001a35        0x3 
 .bss.m_buf     0x0000000020001a38       0x14 _build/nrf52832_xxaa/bme280_twi.c.o
 .bss.m_context
                0x0000000020001a4c        0x4 _build/nrf52832_xxaa/bme280_twi.c.o
 .bss.m_ctrl_meas
                0x0000000020001a50        0x1 _build/nrf52832_xxaa/bme280_twi.c.o
 *fill*         0x0000000020001a51        0x1 
 .bss.m_dig_P1  0x0000000020001a52        0x2 _build/nrf52832_xxaa/bme280_twi.c.o
 .bss.m_dig_P2  0x0000000020001a54        0x2 _build/nrf52832_xxaa/bme280_twi.c.o
 .bss.m_dig_P3  0x0000000020001a56        0x2 _build/nrf52832_xxaa/bme280_twi.c.o
 .bss.m_dig_P4  0x0000000020001a58        0x2 _build/nrf52832_xxaa/bme280_twi.c.o
 .bss.m_dig_P5  0x0000000020001a5a        0x2 _build/nrf52832_xxaa/bme280_twi.c.o
 .bss.m_dig_P6  0x0000000020001a5c        0x2 _build/nrf52832_xxaa/bme280_twi.c.o
 .bss.m_dig_P7  0x0000000020001a5e        0x2 _build/nrf52832_xxaa/bme280_twi.c.o
 .bss.m_dig_P8  0x0000000020001a60        0x2 _build/nrf52832_xxaa/bme280_twi.c.o
 .bss.m_dig_P9  0x0000000020001a62        0x2 _build/nrf52832_xxaa/bme280_twi.c.o
 .bss.m_dig_T1  0x0000000020001a64        0x2 _build/nrf52832_xxaa/bme280_twi.c.o
 .bss.m_dig_T2  0x0000000020001a66        0x2 _build/nrf52832_xxaa/bme280_twi.c.o
 .bss.m_dig_T3  0x0000000020001a68        0x2 _build/nrf52832_xxaa/bme280_twi.c.o
 *fill*         0x0000000020001a6a        0x2 
 .bss.m_handler
                0x0000000020001a6c        0x4 _build/nrf52832_xxaa/bme280_twi.c.o
 .bss.m_pres_raw
                0x0000000020001a70        0x4 _build/nrf52832_xxaa/bme280_twi.c.o
 .bss.m_rx_reg  0x0000000020001a74        0x1 _build/nrf52832_xxaa/bme280_twi.c.o
 *fill*         0x0000000020001a75        0x3 
 .bss.m_t_fine  0x0000000020001a78        0x4 _build/nrf52832_xxaa/bme280_twi.c.o
 .bss.m_temp_raw
                0x0000000020001a7c        0x4 _build/nrf52832_xxaa/bme280_twi.c.o
 .bss.m_twi_ptr
                0x0000000020001a80        0x4 _build/nrf52832_xxaa/bme280_twi.c.o
 .bss.m_xfer_done
                0x0000000020001a84        0x1 _build/nrf52832_xxaa/bme280_twi.c.o
 .bss.m_async_mode
                0x0000000020001a85        0x1 _build/nrf52832_xxaa/nrf_log_backend_uart.c.o
 *fill*         0x0000000020001a86        0x2 
 .bss.m_string_buff
                0x0000000020001a88       0x40 _build/nrf52832_xxaa/nrf_log_backend_uart.c.o
 .bss.m_xfer_done
                0x0000000020001ac8        0x1 _build/nrf52832_xxaa/nrf_log_backend_uart.c.o
 *fill*         0x0000000020001ac9        0x3 
 .bss.log_mempool_nrf_balloc_cb
                0x0000000020001acc        0x8 _build/nrf52832_xxaa/nrf_log_frontend.c.o
 .bss.log_mempool_nrf_balloc_pool_mem
                0x0000000020001ad4       0xc0 _build/nrf52832_xxaa/nrf_log_frontend.c.o
 .bss.log_mempool_nrf_balloc_pool_stack
                0x0000000020001b94        0x8 _build/nrf52832_xxaa/nrf_log_frontend.c.o
 .bss.m_log_data
                0x0000000020001b9c      0x420 _build/nrf52832_xxaa/nrf_log_frontend.c.o
 .bss.m_log_push_ringbuf_buf
                0x0000000020001fbc       0x80 _build/nrf52832_xxaa/nrf_log_frontend.c.o
 .bss.m_log_push_ringbuf_cb
                0x000000002000203c       0x18 _build/nrf52832_xxaa/nrf_log_frontend.c.o
 .bss.m_button_count
                0x0000000020002054        0x1 _build/nrf52832_xxaa/app_button.c.o
 *fill*         0x0000000020002055        0x3 
 .bss.m_detection_delay
                0x0000000020002058        0x4 _build/nrf52832_xxaa/app_button.c.o
 *fill*         0x000000002000205c        0x4 
 .bss.m_pin_active
                0x0000000020002060        0x8 _build/nrf52832_xxaa/app_button.c.o
 .bss.m_pin_states
                0x0000000020002068       0x10 _build/nrf52832_xxaa/app_button.c.o
 .bss.mp_buttons
                0x0000000020002078        0x4 _build/nrf52832_xxaa/app_button.c.o
 .bss.m_app_timer_sortlist_sortlist_cb
                0x000000002000207c        0x4 _build/nrf52832_xxaa/app_timer2.c.o
 .bss.m_base_counter
                0x0000000020002080        0x8 _build/nrf52832_xxaa/app_timer2.c.o
 .bss.m_global_active
                0x0000000020002088        0x1 _build/nrf52832_xxaa/app_timer2.c.o
 *fill*         0x0000000020002089        0x3 
 .bss.m_req_fifo_data
                0x000000002000208c       0x58 _build/nrf52832_xxaa/app_timer2.c.o
 .bss.m_req_fifo_inst
                0x00000000200020e4       0x10 _build/nrf52832_xxaa/app_timer2.c.o
 *fill*         0x00000000200020f4        0x4 
 .bss.m_stamp64
                0x00000000200020f8        0x8 _build/nrf52832_xxaa/app_timer2.c.o
 .bss.mp_active_timer
                0x0000000020002100        0x4 _build/nrf52832_xxaa/app_timer2.c.o
 .bss.m_cb      0x0000000020002104        0x8 _build/nrf52832_xxaa/drv_rtc.c.o
 .bss.m_handlers
                0x000000002000210c        0x4 _build/nrf52832_xxaa/drv_rtc.c.o
 .bss.m_handlers_iter
                0x0000000020002110        0x8 _build/nrf52832_xxaa/nrf_pwr_mgmt.c.o
 .bss.m_shutdown_started
                0x0000000020002118        0x1 _build/nrf52832_xxaa/nrf_pwr_mgmt.c.o
 *fill*         0x0000000020002119        0x3 
 .bss.m_sysoff_mtx
                0x000000002000211c        0x4 _build/nrf52832_xxaa/nrf_pwr_mgmt.c.o
 .bss.m_clock_cb
                0x0000000020002120       0x14 _build/nrf52832_xxaa/nrf_drv_clock.c.o
 .bss.m_contexts
                0x0000000020002134        0x4 _build/nrf52832_xxaa/nrf_drv_uart.c.o
 .bss.m_handlers
                0x0000000020002138        0x4 _build/nrf52832_xxaa/nrf_drv_uart.c.o
 .bss.m_contexts
                0x000000002000213c        0x8 _build/nrf52832_xxaa/nrf_drv_twi.c.o
 .bss.m_handlers
                0x0000000020002144        0x8 _build/nrf52832_xxaa/nrf_drv_twi.c.o
 .bss.m_cb      0x000000002000214c       0x34 _build/nrf52832_xxaa/nrfx_twim.c.o
 .bss.m_clock_cb
                0x0000000020002180        0x8 _build/nrf52832_xxaa/nrfx_clock.c.o
 .bss.m_cb      0x0000000020002188       0x5c _build/nrf52832_xxaa/nrfx_gpiote.c.o
 .bss.m_prs_box_4
                0x00000000200021e4        0x8 _build/nrf52832_xxaa/nrfx_prs.c.o
 *fill*         0x00000000200021ec        0x4 
 .bss.m_cb      0x00000000200021f0       0x2c _build/nrf52832_xxaa/nrfx_uart.c.o
 *fill*         0x000000002000221c        0x4 
 .bss.m_cb      0x0000000020002220       0x24 _build/nrf52832_xxaa/nrfx_uarte.c.o
 .bss.current_long_push_pin_no.9190
                0x0000000020002244        0x1 _build/nrf52832_xxaa/bsp.c.o
 .bss.m_alert_on
                0x0000000020002245        0x1 _build/nrf52832_xxaa/bsp.c.o
 *fill*         0x0000000020002246        0x2 
 .bss.m_events_list
                0x0000000020002248        0xc _build/nrf52832_xxaa/bsp.c.o
 .bss.m_indication_type
                0x0000000020002254        0x4 _build/nrf52832_xxaa/bsp.c.o
 .bss.m_leds_clear
                0x0000000020002258        0x1 _build/nrf52832_xxaa/bsp.c.o
 *fill*         0x0000000020002259        0x3 
 .bss.m_registered_callback
                0x000000002000225c        0x4 _build/nrf52832_xxaa/bsp.c.o
 .bss.m_stable_state
                0x0000000020002260        0x1 _build/nrf52832_xxaa/bsp.c.o
 *fill*         0x0000000020002261        0x3 
 .bss.release_event_at_push.9191
                0x0000000020002264        0x4 _build/nrf52832_xxaa/bsp.c.o
 .bss.counter   0x0000000020002268        0x1 _build/nrf52832_xxaa/main.c.o
 *fill*         0x0000000020002269        0x3 
 .bss.m_adv_params
                0x000000002000226c       0x18 _build/nrf52832_xxaa/main.c.o
 .bss.m_enc_advdata
                0x0000000020002284       0x1f _build/nrf52832_xxaa/main.c.o
 .bss.m_nrf_sdh_continue
                0x00000000200022a3        0x1 _build/nrf52832_xxaa/nrf_sdh.c.o
 .bss.m_nrf_sdh_enabled
                0x00000000200022a4        0x1 _build/nrf52832_xxaa/nrf_sdh.c.o
 .bss.m_nrf_sdh_suspended
                0x00000000200022a5        0x1 _build/nrf52832_xxaa/nrf_sdh.c.o
 .bss.m_stack_is_enabled
                0x00000000200022a6        0x1 _build/nrf52832_xxaa/nrf_sdh_ble.c.o
 *(COMMON)
 *fill*         0x00000000200022a7        0x1 
 COMMON         0x00000000200022a8        0xc _build/nrf52832_xxaa/app_util_platform.c.o
                0x00000000200022a8                nrf_nvic_state
 COMMON         0x00000000200022b4        0x1 _build/nrf52832_xxaa/nrf_drv_uart.c.o
                0x00000000200022b4                nrf_drv_uart_use_easy_dma
                0x00000000200022b8                . = ALIGN (0x4)
 *fill*         0x00000000200022b5        0x3 
                0x00000000200022b8                __bss_end__ = .

.heap           0x00000000200022b8     0x2000
                0x00000000200022b8                __HeapBase = .
                0x00000000200022b8                __end__ = .
                [!provide]                        PROVIDE (end = .)
 *(.heap*)
 .heap          0x00000000200022b8     0x2000 _build/nrf52832_xxaa/gcc_startup_nrf52.S.o
                0x00000000200042b8                __HeapLimit = .

.stack_dummy    0x00000000200022b8     0x2000
 *(.stack*)
 .stack         0x00000000200022b8     0x2000 _build/nrf52832_xxaa/gcc_startup_nrf52.S.o
                0x0000000020010000                __StackTop = (ORIGIN (RAM) + LENGTH (RAM))
                0x000000002000e000                __StackLimit = (__StackTop - SIZEOF (.stack_dummy))
                0x0000000020010000                PROVIDE (__stack = __StackTop)
                0x0000000000000001                ASSERT ((__StackLimit >= __HeapLimit), region RAM overflowed with stack)
                0x0000000000000150                DataInitFlashUsed = (__bss_start__ - __data_start__)
                0x0000000000007614                CodeFlashUsed = (__etext - ORIGIN (FLASH))
                0x0000000000007764                TotalFlashUsed = (CodeFlashUsed + DataInitFlashUsed)
                0x0000000000000001                ASSERT ((TotalFlashUsed <= LENGTH (FLASH)), region FLASH overflowed with .data and user data)
OUTPUT(_build/nrf52832_xxaa.out elf32-littlearm)
LOAD linker stubs

.ARM.attributes
                0x0000000000000000       0x30
 .ARM.attributes
                0x0000000000000000       0x1e /home/jirik/nrf52/gcc-arm-none-eabi-9-2020-q2-update/bin/../lib/gcc/arm-none-eabi/9.3.1/thumb/v7e-m+fp/hard/crti.o
 .ARM.attributes
                0x000000000000001e       0x34 /home/jirik/nrf52/gcc-arm-none-eabi-9-2020-q2-update/bin/../lib/gcc/arm-none-eabi/9.3.1/thumb/v7e-m+fp/hard/crtbegin.o
 .ARM.attributes
                0x0000000000000052       0x1c /home/jirik/nrf52/gcc-arm-none-eabi-9-2020-q2-update/bin/../lib/gcc/arm-none-eabi/9.3.1/../../../../arm-none-eabi/lib/thumb/v7e-m+fp/hard/crt0.o
 .ARM.attributes
                0x000000000000006e       0x34 _build/nrf52832_xxaa/bme280_twi.c.o
 .ARM.attributes
                0x00000000000000a2       0x20 _build/nrf52832_xxaa/gcc_startup_nrf52.S.o
 .ARM.attributes
                0x00000000000000c2       0x34 _build/nrf52832_xxaa/nrf_log_backend_serial.c.o
 .ARM.attributes
                0x00000000000000f6       0x34 _build/nrf52832_xxaa/nrf_log_backend_uart.c.o
 .ARM.attributes
                0x000000000000012a       0x34 _build/nrf52832_xxaa/nrf_log_default_backends.c.o
 .ARM.attributes
                0x000000000000015e       0x34 _build/nrf52832_xxaa/nrf_log_frontend.c.o
 .ARM.attributes
                0x0000000000000192       0x34 _build/nrf52832_xxaa/nrf_log_str_formatter.c.o
 .ARM.attributes
                0x00000000000001c6       0x34 _build/nrf52832_xxaa/app_button.c.o
 .ARM.attributes
                0x00000000000001fa       0x34 _build/nrf52832_xxaa/app_error.c.o
 .ARM.attributes
                0x000000000000022e       0x34 _build/nrf52832_xxaa/app_error_weak.c.o
 .ARM.attributes
                0x0000000000000262       0x34 _build/nrf52832_xxaa/app_timer2.c.o
 .ARM.attributes
                0x0000000000000296       0x34 _build/nrf52832_xxaa/app_util_platform.c.o
 .ARM.attributes
                0x00000000000002ca       0x34 _build/nrf52832_xxaa/drv_rtc.c.o
 .ARM.attributes
                0x00000000000002fe       0x34 _build/nrf52832_xxaa/nrf_atfifo.c.o
 .ARM.attributes
                0x0000000000000332       0x34 _build/nrf52832_xxaa/nrf_atomic.c.o
 .ARM.attributes
                0x0000000000000366       0x34 _build/nrf52832_xxaa/nrf_balloc.c.o
 .ARM.attributes
                0x000000000000039a       0x34 _build/nrf52832_xxaa/nrf_fprintf.c.o
 .ARM.attributes
                0x00000000000003ce       0x34 _build/nrf52832_xxaa/nrf_fprintf_format.c.o
 .ARM.attributes
                0x0000000000000402       0x34 _build/nrf52832_xxaa/nrf_memobj.c.o
 .ARM.attributes
                0x0000000000000436       0x34 _build/nrf52832_xxaa/nrf_pwr_mgmt.c.o
 .ARM.attributes
                0x000000000000046a       0x34 _build/nrf52832_xxaa/nrf_ringbuf.c.o
 .ARM.attributes
                0x000000000000049e       0x34 _build/nrf52832_xxaa/nrf_section_iter.c.o
 .ARM.attributes
                0x00000000000004d2       0x34 _build/nrf52832_xxaa/nrf_sortlist.c.o
 .ARM.attributes
                0x0000000000000506       0x34 _build/nrf52832_xxaa/nrf_strerror.c.o
 .ARM.attributes
                0x000000000000053a       0x34 _build/nrf52832_xxaa/system_nrf52.c.o
 .ARM.attributes
                0x000000000000056e       0x34 _build/nrf52832_xxaa/boards.c.o
 .ARM.attributes
                0x00000000000005a2       0x34 _build/nrf52832_xxaa/nrf_drv_clock.c.o
 .ARM.attributes
                0x00000000000005d6       0x34 _build/nrf52832_xxaa/nrf_drv_uart.c.o
 .ARM.attributes
                0x000000000000060a       0x34 _build/nrf52832_xxaa/nrf_drv_twi.c.o
 .ARM.attributes
                0x000000000000063e       0x34 _build/nrf52832_xxaa/nrfx_twim.c.o
 .ARM.attributes
                0x0000000000000672       0x34 _build/nrf52832_xxaa/nrfx_clock.c.o
 .ARM.attributes
                0x00000000000006a6       0x34 _build/nrf52832_xxaa/nrfx_gpiote.c.o
 .ARM.attributes
                0x00000000000006da       0x34 _build/nrf52832_xxaa/nrfx_prs.c.o
 .ARM.attributes
                0x000000000000070e       0x34 _build/nrf52832_xxaa/nrfx_uart.c.o
 .ARM.attributes
                0x0000000000000742       0x34 _build/nrf52832_xxaa/nrfx_uarte.c.o
 .ARM.attributes
                0x0000000000000776       0x34 _build/nrf52832_xxaa/bsp.c.o
 .ARM.attributes
                0x00000000000007aa       0x34 _build/nrf52832_xxaa/main.c.o
 .ARM.attributes
                0x00000000000007de       0x34 _build/nrf52832_xxaa/ble_advdata.c.o
 .ARM.attributes
                0x0000000000000812       0x34 _build/nrf52832_xxaa/nrf_sdh.c.o
 .ARM.attributes
                0x0000000000000846       0x34 _build/nrf52832_xxaa/nrf_sdh_ble.c.o
 .ARM.attributes
                0x000000000000087a       0x34 _build/nrf52832_xxaa/nrf_sdh_soc.c.o
 .ARM.attributes
                0x00000000000008ae       0x32 /home/jirik/nrf52/gcc-arm-none-eabi-9-2020-q2-update/bin/../lib/gcc/arm-none-eabi/9.3.1/../../../../arm-none-eabi/lib/thumb/v7e-m+fp/hard/libc_nano.a(lib_a-ctype_.o)
 .ARM.attributes
                0x00000000000008e0       0x34 /home/jirik/nrf52/gcc-arm-none-eabi-9-2020-q2-update/bin/../lib/gcc/arm-none-eabi/9.3.1/../../../../arm-none-eabi/lib/thumb/v7e-m+fp/hard/libc_nano.a(lib_a-exit.o)
 .ARM.attributes
                0x0000000000000914       0x32 /home/jirik/nrf52/gcc-arm-none-eabi-9-2020-q2-update/bin/../lib/gcc/arm-none-eabi/9.3.1/../../../../arm-none-eabi/lib/thumb/v7e-m+fp/hard/libc_nano.a(lib_a-impure.o)
 .ARM.attributes
                0x0000000000000946       0x34 /home/jirik/nrf52/gcc-arm-none-eabi-9-2020-q2-update/bin/../lib/gcc/arm-none-eabi/9.3.1/../../../../arm-none-eabi/lib/thumb/v7e-m+fp/hard/libc_nano.a(lib_a-init.o)
 .ARM.attributes
                0x000000000000097a       0x34 /home/jirik/nrf52/gcc-arm-none-eabi-9-2020-q2-update/bin/../lib/gcc/arm-none-eabi/9.3.1/../../../../arm-none-eabi/lib/thumb/v7e-m+fp/hard/libc_nano.a(lib_a-memcpy-stub.o)
 .ARM.attributes
                0x00000000000009ae       0x34 /home/jirik/nrf52/gcc-arm-none-eabi-9-2020-q2-update/bin/../lib/gcc/arm-none-eabi/9.3.1/../../../../arm-none-eabi/lib/thumb/v7e-m+fp/hard/libc_nano.a(lib_a-memset.o)
 .ARM.attributes
                0x00000000000009e2       0x17 /home/jirik/nrf52/gcc-arm-none-eabi-9-2020-q2-update/bin/../lib/gcc/arm-none-eabi/9.3.1/../../../../arm-none-eabi/lib/thumb/v7e-m+fp/hard/libc_nano.a(lib_a-strlen.o)
 .ARM.attributes
                0x00000000000009f9       0x34 /home/jirik/nrf52/gcc-arm-none-eabi-9-2020-q2-update/bin/../lib/gcc/arm-none-eabi/9.3.1/../../../../arm-none-eabi/lib/thumb/v7e-m+fp/hard/libnosys.a(_exit.o)
 .ARM.attributes
                0x0000000000000a2d       0x1e /home/jirik/nrf52/gcc-arm-none-eabi-9-2020-q2-update/bin/../lib/gcc/arm-none-eabi/9.3.1/thumb/v7e-m+fp/hard/libgcc.a(_aeabi_ldivmod.o)
 .ARM.attributes
                0x0000000000000a4b       0x1e /home/jirik/nrf52/gcc-arm-none-eabi-9-2020-q2-update/bin/../lib/gcc/arm-none-eabi/9.3.1/thumb/v7e-m+fp/hard/libgcc.a(_aeabi_uldivmod.o)
 .ARM.attributes
                0x0000000000000a69       0x34 /home/jirik/nrf52/gcc-arm-none-eabi-9-2020-q2-update/bin/../lib/gcc/arm-none-eabi/9.3.1/thumb/v7e-m+fp/hard/libgcc.a(_udivmoddi4.o)
 .ARM.attributes
                0x0000000000000a9d       0x1e /home/jirik/nrf52/gcc-arm-none-eabi-9-2020-q2-update/bin/../lib/gcc/arm-none-eabi/9.3.1/thumb/v7e-m+fp/hard/libgcc.a(_dvmd_tls.o)
 .ARM.attributes
                0x0000000000000abb       0x32 /home/jirik/nrf52/gcc-arm-none-eabi-9-2020-q2-update/bin/../lib/gcc/arm-none-eabi/9.3.1/thumb/v7e-m+fp/hard/crtend.o
 .ARM.attributes
                0x0000000000000aed       0x1e /home/jirik/nrf52/gcc-arm-none-eabi-9-2020-q2-update/bin/../lib/gcc/arm-none-eabi/9.3.1/thumb/v7e-m+fp/hard/crtn.o

.comment        0x0000000000000000       0x4c
 .comment       0x0000000000000000       0x4c _build/nrf52832_xxaa/bme280_twi.c.o
                                         0x4d (size before relaxing)
 .comment       0x000000000000004c       0x4d _build/nrf52832_xxaa/nrf_log_backend_serial.c.o
 .comment       0x000000000000004c       0x4d _build/nrf52832_xxaa/nrf_log_backend_uart.c.o
 .comment       0x000000000000004c       0x4d _build/nrf52832_xxaa/nrf_log_default_backends.c.o
 .comment       0x000000000000004c       0x4d _build/nrf52832_xxaa/nrf_log_frontend.c.o
 .comment       0x000000000000004c       0x4d _build/nrf52832_xxaa/nrf_log_str_formatter.c.o
 .comment       0x000000000000004c       0x4d _build/nrf52832_xxaa/app_button.c.o
 .comment       0x000000000000004c       0x4d _build/nrf52832_xxaa/app_error.c.o
 .comment       0x000000000000004c       0x4d _build/nrf52832_xxaa/app_error_weak.c.o
 .comment       0x000000000000004c       0x4d _build/nrf52832_xxaa/app_timer2.c.o
 .comment       0x000000000000004c       0x4d _build/nrf52832_xxaa/app_util_platform.c.o
 .comment       0x000000000000004c       0x4d _build/nrf52832_xxaa/drv_rtc.c.o
 .comment       0x000000000000004c       0x4d _build/nrf52832_xxaa/nrf_atfifo.c.o
 .comment       0x000000000000004c       0x4d _build/nrf52832_xxaa/nrf_atomic.c.o
 .comment       0x000000000000004c       0x4d _build/nrf52832_xxaa/nrf_balloc.c.o
 .comment       0x000000000000004c       0x4d _build/nrf52832_xxaa/nrf_fprintf.c.o
 .comment       0x000000000000004c       0x4d _build/nrf52832_xxaa/nrf_fprintf_format.c.o
 .comment       0x000000000000004c       0x4d _build/nrf52832_xxaa/nrf_memobj.c.o
 .comment       0x000000000000004c       0x4d _build/nrf52832_xxaa/nrf_pwr_mgmt.c.o
 .comment       0x000000000000004c       0x4d _build/nrf52832_xxaa/nrf_ringbuf.c.o
 .comment       0x000000000000004c       0x4d _build/nrf52832_xxaa/nrf_section_iter.c.o
 .comment       0x000000000000004c       0x4d _build/nrf52832_xxaa/nrf_sortlist.c.o
 .comment       0x000000000000004c       0x4d _build/nrf52832_xxaa/nrf_strerror.c.o
 .comment       0x000000000000004c       0x4d _build/nrf52832_xxaa/system_nrf52.c.o
 .comment       0x000000000000004c       0x4d _build/nrf52832_xxaa/boards.c.o
 .comment       0x000000000000004c       0x4d _build/nrf52832_xxaa/nrf_drv_clock.c.o
 .comment       0x000000000000004c       0x4d _build/nrf52832_xxaa/nrf_drv_uart.c.o
 .comment       0x000000000000004c       0x4d _build/nrf52832_xxaa/nrf_drv_twi.c.o
 .comment       0x000000000000004c       0x4d _build/nrf52832_xxaa/nrfx_twim.c.o
 .comment       0x000000000000004c       0x4d _build/nrf52832_xxaa/nrfx_clock.c.o
 .comment       0x000000000000004c       0x4d _build/nrf52832_xxaa/nrfx_gpiote.c.o
 .comment       0x000000000000004c       0x4d _build/nrf52832_xxaa/nrfx_prs.c.o
 .comment       0x000000000000004c       0x4d _build/nrf52832_xxaa/nrfx_uart.c.o
 .comment       0x000000000000004c       0x4d _build/nrf52832_xxaa/nrfx_uarte.c.o
 .comment       0x000000000000004c       0x4d _build/nrf52832_xxaa/bsp.c.o
 .comment       0x000000000000004c       0x4d _build/nrf52832_xxaa/main.c.o
 .comment       0x000000000000004c       0x4d _build/nrf52832_xxaa/ble_advdata.c.o
 .comment       0x000000000000004c       0x4d _build/nrf52832_xxaa/nrf_sdh.c.o
 .comment       0x000000000000004c       0x4d _build/nrf52832_xxaa/nrf_sdh_ble.c.o
 .comment       0x000000000000004c       0x4d _build/nrf52832_xxaa/nrf_sdh_soc.c.o

.debug_info     0x0000000000000000    0x4bec6
 .debug_info    0x0000000000000000     0x2680 _build/nrf52832_xxaa/bme280_twi.c.o
 .debug_info    0x0000000000002680       0x26 _build/nrf52832_xxaa/gcc_startup_nrf52.S.o
 .debug_info    0x00000000000026a6     0x124c _build/nrf52832_xxaa/nrf_log_backend_serial.c.o
 .debug_info    0x00000000000038f2     0x1c9d _build/nrf52832_xxaa/nrf_log_backend_uart.c.o
 .debug_info    0x000000000000558f      0xd9e _build/nrf52832_xxaa/nrf_log_default_backends.c.o
 .debug_info    0x000000000000632d     0x4604 _build/nrf52832_xxaa/nrf_log_frontend.c.o
 .debug_info    0x000000000000a931     0x1431 _build/nrf52832_xxaa/nrf_log_str_formatter.c.o
 .debug_info    0x000000000000bd62     0x1d30 _build/nrf52832_xxaa/app_button.c.o
 .debug_info    0x000000000000da92      0xb94 _build/nrf52832_xxaa/app_error.c.o
 .debug_info    0x000000000000e626     0x1006 _build/nrf52832_xxaa/app_error_weak.c.o
 .debug_info    0x000000000000f62c     0x23a6 _build/nrf52832_xxaa/app_timer2.c.o
 .debug_info    0x00000000000119d2     0x12fd _build/nrf52832_xxaa/app_util_platform.c.o
 .debug_info    0x0000000000012ccf     0x2b75 _build/nrf52832_xxaa/drv_rtc.c.o
 .debug_info    0x0000000000015844     0x158b _build/nrf52832_xxaa/nrf_atfifo.c.o
 .debug_info    0x0000000000016dcf     0x13e4 _build/nrf52832_xxaa/nrf_atomic.c.o
 .debug_info    0x00000000000181b3      0xea4 _build/nrf52832_xxaa/nrf_balloc.c.o
 .debug_info    0x0000000000019057      0xb51 _build/nrf52832_xxaa/nrf_fprintf.c.o
 .debug_info    0x0000000000019ba8     0x157d _build/nrf52832_xxaa/nrf_fprintf_format.c.o
 .debug_info    0x000000000001b125     0x161b _build/nrf52832_xxaa/nrf_memobj.c.o
 .debug_info    0x000000000001c740     0x1dcd _build/nrf52832_xxaa/nrf_pwr_mgmt.c.o
 .debug_info    0x000000000001e50d      0xf8b _build/nrf52832_xxaa/nrf_ringbuf.c.o
 .debug_info    0x000000000001f498      0xac1 _build/nrf52832_xxaa/nrf_section_iter.c.o
 .debug_info    0x000000000001ff59      0xd6d _build/nrf52832_xxaa/nrf_sortlist.c.o
 .debug_info    0x0000000000020cc6      0xb76 _build/nrf52832_xxaa/nrf_strerror.c.o
 .debug_info    0x000000000002183c     0x170e _build/nrf52832_xxaa/system_nrf52.c.o
 .debug_info    0x0000000000022f4a     0x172e _build/nrf52832_xxaa/boards.c.o
 .debug_info    0x0000000000024678     0x223e _build/nrf52832_xxaa/nrf_drv_clock.c.o
 .debug_info    0x00000000000268b6     0x1ae7 _build/nrf52832_xxaa/nrf_drv_uart.c.o
 .debug_info    0x000000000002839d     0x1f7d _build/nrf52832_xxaa/nrf_drv_twi.c.o
 .debug_info    0x000000000002a31a     0x4c4f _build/nrf52832_xxaa/nrfx_twim.c.o
 .debug_info    0x000000000002ef69     0x1fea _build/nrf52832_xxaa/nrfx_clock.c.o
 .debug_info    0x0000000000030f53     0x4426 _build/nrf52832_xxaa/nrfx_gpiote.c.o
 .debug_info    0x0000000000035379     0x1200 _build/nrf52832_xxaa/nrfx_prs.c.o
 .debug_info    0x0000000000036579     0x413b _build/nrf52832_xxaa/nrfx_uart.c.o
 .debug_info    0x000000000003a6b4     0x40f1 _build/nrf52832_xxaa/nrfx_uarte.c.o
 .debug_info    0x000000000003e7a5     0x203c _build/nrf52832_xxaa/bsp.c.o
 .debug_info    0x00000000000407e1     0x2e31 _build/nrf52832_xxaa/main.c.o
 .debug_info    0x0000000000043612     0x290c _build/nrf52832_xxaa/ble_advdata.c.o
 .debug_info    0x0000000000045f1e     0x20bf _build/nrf52832_xxaa/nrf_sdh.c.o
 .debug_info    0x0000000000047fdd     0x2f69 _build/nrf52832_xxaa/nrf_sdh_ble.c.o
 .debug_info    0x000000000004af46      0xf80 _build/nrf52832_xxaa/nrf_sdh_soc.c.o

.debug_abbrev   0x0000000000000000     0xa3a7
 .debug_abbrev  0x0000000000000000      0x3fb _build/nrf52832_xxaa/bme280_twi.c.o
 .debug_abbrev  0x00000000000003fb       0x14 _build/nrf52832_xxaa/gcc_startup_nrf52.S.o
 .debug_abbrev  0x000000000000040f      0x2cc _build/nrf52832_xxaa/nrf_log_backend_serial.c.o
 .debug_abbrev  0x00000000000006db      0x41d _build/nrf52832_xxaa/nrf_log_backend_uart.c.o
 .debug_abbrev  0x0000000000000af8      0x294 _build/nrf52832_xxaa/nrf_log_default_backends.c.o
 .debug_abbrev  0x0000000000000d8c      0x628 _build/nrf52832_xxaa/nrf_log_frontend.c.o
 .debug_abbrev  0x00000000000013b4      0x320 _build/nrf52832_xxaa/nrf_log_str_formatter.c.o
 .debug_abbrev  0x00000000000016d4      0x46d _build/nrf52832_xxaa/app_button.c.o
 .debug_abbrev  0x0000000000001b41      0x276 _build/nrf52832_xxaa/app_error.c.o
 .debug_abbrev  0x0000000000001db7      0x2fd _build/nrf52832_xxaa/app_error_weak.c.o
 .debug_abbrev  0x00000000000020b4      0x5b6 _build/nrf52832_xxaa/app_timer2.c.o
 .debug_abbrev  0x000000000000266a      0x3df _build/nrf52832_xxaa/app_util_platform.c.o
 .debug_abbrev  0x0000000000002a49      0x5d7 _build/nrf52832_xxaa/drv_rtc.c.o
 .debug_abbrev  0x0000000000003020      0x3b9 _build/nrf52832_xxaa/nrf_atfifo.c.o
 .debug_abbrev  0x00000000000033d9      0x378 _build/nrf52832_xxaa/nrf_atomic.c.o
 .debug_abbrev  0x0000000000003751      0x34d _build/nrf52832_xxaa/nrf_balloc.c.o
 .debug_abbrev  0x0000000000003a9e      0x27d _build/nrf52832_xxaa/nrf_fprintf.c.o
 .debug_abbrev  0x0000000000003d1b      0x3fa _build/nrf52832_xxaa/nrf_fprintf_format.c.o
 .debug_abbrev  0x0000000000004115      0x397 _build/nrf52832_xxaa/nrf_memobj.c.o
 .debug_abbrev  0x00000000000044ac      0x513 _build/nrf52832_xxaa/nrf_pwr_mgmt.c.o
 .debug_abbrev  0x00000000000049bf      0x2b2 _build/nrf52832_xxaa/nrf_ringbuf.c.o
 .debug_abbrev  0x0000000000004c71      0x206 _build/nrf52832_xxaa/nrf_section_iter.c.o
 .debug_abbrev  0x0000000000004e77      0x284 _build/nrf52832_xxaa/nrf_sortlist.c.o
 .debug_abbrev  0x00000000000050fb      0x29c _build/nrf52832_xxaa/nrf_strerror.c.o
 .debug_abbrev  0x0000000000005397      0x33b _build/nrf52832_xxaa/system_nrf52.c.o
 .debug_abbrev  0x00000000000056d2      0x408 _build/nrf52832_xxaa/boards.c.o
 .debug_abbrev  0x0000000000005ada      0x5ef _build/nrf52832_xxaa/nrf_drv_clock.c.o
 .debug_abbrev  0x00000000000060c9      0x2da _build/nrf52832_xxaa/nrf_drv_uart.c.o
 .debug_abbrev  0x00000000000063a3      0x43b _build/nrf52832_xxaa/nrf_drv_twi.c.o
 .debug_abbrev  0x00000000000067de      0x5a8 _build/nrf52832_xxaa/nrfx_twim.c.o
 .debug_abbrev  0x0000000000006d86      0x56c _build/nrf52832_xxaa/nrfx_clock.c.o
 .debug_abbrev  0x00000000000072f2      0x5f1 _build/nrf52832_xxaa/nrfx_gpiote.c.o
 .debug_abbrev  0x00000000000078e3      0x362 _build/nrf52832_xxaa/nrfx_prs.c.o
 .debug_abbrev  0x0000000000007c45      0x59d _build/nrf52832_xxaa/nrfx_uart.c.o
 .debug_abbrev  0x00000000000081e2      0x571 _build/nrf52832_xxaa/nrfx_uarte.c.o
 .debug_abbrev  0x0000000000008753      0x53f _build/nrf52832_xxaa/bsp.c.o
 .debug_abbrev  0x0000000000008c92      0x542 _build/nrf52832_xxaa/main.c.o
 .debug_abbrev  0x00000000000091d4      0x4b7 _build/nrf52832_xxaa/ble_advdata.c.o
 .debug_abbrev  0x000000000000968b      0x583 _build/nrf52832_xxaa/nrf_sdh.c.o
 .debug_abbrev  0x0000000000009c0e      0x4a8 _build/nrf52832_xxaa/nrf_sdh_ble.c.o
 .debug_abbrev  0x000000000000a0b6      0x2f1 _build/nrf52832_xxaa/nrf_sdh_soc.c.o

.debug_loc      0x0000000000000000    0x1d3e6
 .debug_loc     0x0000000000000000      0xf75 _build/nrf52832_xxaa/bme280_twi.c.o
 .debug_loc     0x0000000000000f75      0x186 _build/nrf52832_xxaa/nrf_log_backend_serial.c.o
 .debug_loc     0x00000000000010fb      0x334 _build/nrf52832_xxaa/nrf_log_backend_uart.c.o
 .debug_loc     0x000000000000142f       0x17 _build/nrf52832_xxaa/nrf_log_default_backends.c.o
 .debug_loc     0x0000000000001446     0x51ef _build/nrf52832_xxaa/nrf_log_frontend.c.o
 .debug_loc     0x0000000000006635      0x486 _build/nrf52832_xxaa/nrf_log_str_formatter.c.o
 .debug_loc     0x0000000000006abb      0xcbe _build/nrf52832_xxaa/app_button.c.o
 .debug_loc     0x0000000000007779       0xc8 _build/nrf52832_xxaa/app_error.c.o
 .debug_loc     0x0000000000007841       0x6f _build/nrf52832_xxaa/app_error_weak.c.o
 .debug_loc     0x00000000000078b0      0x99c _build/nrf52832_xxaa/app_timer2.c.o
 .debug_loc     0x000000000000824c      0x1e9 _build/nrf52832_xxaa/app_util_platform.c.o
 .debug_loc     0x0000000000008435     0x136c _build/nrf52832_xxaa/drv_rtc.c.o
 .debug_loc     0x00000000000097a1      0x716 _build/nrf52832_xxaa/nrf_atfifo.c.o
 .debug_loc     0x0000000000009eb7      0x587 _build/nrf52832_xxaa/nrf_atomic.c.o
 .debug_loc     0x000000000000a43e      0x1c3 _build/nrf52832_xxaa/nrf_balloc.c.o
 .debug_loc     0x000000000000a601       0x54 _build/nrf52832_xxaa/nrf_fprintf.c.o
 .debug_loc     0x000000000000a655     0x104a _build/nrf52832_xxaa/nrf_fprintf_format.c.o
 .debug_loc     0x000000000000b69f     0x100c _build/nrf52832_xxaa/nrf_memobj.c.o
 .debug_loc     0x000000000000c6ab      0x120 _build/nrf52832_xxaa/nrf_pwr_mgmt.c.o
 .debug_loc     0x000000000000c7cb      0x66a _build/nrf52832_xxaa/nrf_ringbuf.c.o
 .debug_loc     0x000000000000ce35      0x173 _build/nrf52832_xxaa/nrf_sortlist.c.o
 .debug_loc     0x000000000000cfa8      0x220 _build/nrf52832_xxaa/nrf_strerror.c.o
 .debug_loc     0x000000000000d1c8      0x579 _build/nrf52832_xxaa/system_nrf52.c.o
 .debug_loc     0x000000000000d741      0xd67 _build/nrf52832_xxaa/boards.c.o
 .debug_loc     0x000000000000e4a8      0x5a8 _build/nrf52832_xxaa/nrf_drv_clock.c.o
 .debug_loc     0x000000000000ea50      0x1d6 _build/nrf52832_xxaa/nrf_drv_uart.c.o
 .debug_loc     0x000000000000ec26      0x5c9 _build/nrf52832_xxaa/nrf_drv_twi.c.o
 .debug_loc     0x000000000000f1ef     0x342c _build/nrf52832_xxaa/nrfx_twim.c.o
 .debug_loc     0x000000000001261b      0x3f9 _build/nrf52832_xxaa/nrfx_clock.c.o
 .debug_loc     0x0000000000012a14     0x3223 _build/nrf52832_xxaa/nrfx_gpiote.c.o
 .debug_loc     0x0000000000015c37      0x100 _build/nrf52832_xxaa/nrfx_prs.c.o
 .debug_loc     0x0000000000015d37     0x1f4f _build/nrf52832_xxaa/nrfx_uart.c.o
 .debug_loc     0x0000000000017c86     0x1fbb _build/nrf52832_xxaa/nrfx_uarte.c.o
 .debug_loc     0x0000000000019c41      0xdd6 _build/nrf52832_xxaa/bsp.c.o
 .debug_loc     0x000000000001aa17      0x6ca _build/nrf52832_xxaa/main.c.o
 .debug_loc     0x000000000001b0e1     0x1a7b _build/nrf52832_xxaa/ble_advdata.c.o
 .debug_loc     0x000000000001cb5c      0x4c7 _build/nrf52832_xxaa/nrf_sdh.c.o
 .debug_loc     0x000000000001d023      0x32c _build/nrf52832_xxaa/nrf_sdh_ble.c.o
 .debug_loc     0x000000000001d34f       0x97 _build/nrf52832_xxaa/nrf_sdh_soc.c.o

.debug_aranges  0x0000000000000000      0xdd0
 .debug_aranges
                0x0000000000000000       0x40 _build/nrf52832_xxaa/bme280_twi.c.o
 .debug_aranges
                0x0000000000000040       0x20 _build/nrf52832_xxaa/gcc_startup_nrf52.S.o
 .debug_aranges
                0x0000000000000060       0x20 _build/nrf52832_xxaa/nrf_log_backend_serial.c.o
 .debug_aranges
                0x0000000000000080       0x48 _build/nrf52832_xxaa/nrf_log_backend_uart.c.o
 .debug_aranges
                0x00000000000000c8       0x20 _build/nrf52832_xxaa/nrf_log_default_backends.c.o
 .debug_aranges
                0x00000000000000e8       0xc0 _build/nrf52832_xxaa/nrf_log_frontend.c.o
 .debug_aranges
                0x00000000000001a8       0x38 _build/nrf52832_xxaa/nrf_log_str_formatter.c.o
 .debug_aranges
                0x00000000000001e0       0x50 _build/nrf52832_xxaa/app_button.c.o
 .debug_aranges
                0x0000000000000230       0x28 _build/nrf52832_xxaa/app_error.c.o
 .debug_aranges
                0x0000000000000258       0x20 _build/nrf52832_xxaa/app_error_weak.c.o
 .debug_aranges
                0x0000000000000278       0x78 _build/nrf52832_xxaa/app_timer2.c.o
 .debug_aranges
                0x00000000000002f0       0x48 _build/nrf52832_xxaa/app_util_platform.c.o
 .debug_aranges
                0x0000000000000338       0xb0 _build/nrf52832_xxaa/drv_rtc.c.o
 .debug_aranges
                0x00000000000003e8       0x58 _build/nrf52832_xxaa/nrf_atfifo.c.o
 .debug_aranges
                0x0000000000000440       0xb0 _build/nrf52832_xxaa/nrf_atomic.c.o
 .debug_aranges
                0x00000000000004f0       0x30 _build/nrf52832_xxaa/nrf_balloc.c.o
 .debug_aranges
                0x0000000000000520       0x28 _build/nrf52832_xxaa/nrf_fprintf.c.o
 .debug_aranges
                0x0000000000000548       0x28 _build/nrf52832_xxaa/nrf_fprintf_format.c.o
 .debug_aranges
                0x0000000000000570       0x50 _build/nrf52832_xxaa/nrf_memobj.c.o
 .debug_aranges
                0x00000000000005c0       0x48 _build/nrf52832_xxaa/nrf_pwr_mgmt.c.o
 .debug_aranges
                0x0000000000000608       0x50 _build/nrf52832_xxaa/nrf_ringbuf.c.o
 .debug_aranges
                0x0000000000000658       0x28 _build/nrf52832_xxaa/nrf_section_iter.c.o
 .debug_aranges
                0x0000000000000680       0x40 _build/nrf52832_xxaa/nrf_sortlist.c.o
 .debug_aranges